Microchip MPLAB XC8 Compiler V1.45 ()

Linker command line:

-W-3 --edf=C:\Program Files (x86)\Microchip\xc8\v1.45\dat\en_msgs.txt -cs \
  -h+dist/default/production\standard.X.production.sym \
  --cmf=dist/default/production\standard.X.production.cmf -z -Q16F1526 \
  -oC:\Users\Alfaone\AppData\Local\Temp\s5k0.2 \
  -Mdist/default/production/standard.X.production.map -E1 -ver=XC8 \
  -ASTACK=021CAh-022efh -pstack=STACK -ACODE=00h-07FFhx4 \
  -ASTRCODE=00h-01FFFh -ASTRING=00h-0FFhx32 -ACONST=00h-0FFhx32 \
  -AENTRY=00h-0FFhx32 -ACOMMON=070h-07Fh -ABANK0=020h-06Fh \
  -ABANK1=0A0h-0EFh -ABANK2=0120h-016Fh -ABANK3=01A0h-01EFh \
  -ABANK4=0220h-026Fh -ABANK5=02A0h-02EFh -ABANK6=0320h-036Fh \
  -ABANK7=03A0h-03EFh -ABANK8=0420h-046Fh -ABANK9=04A0h-04BFh \
  -ABIGRAM=02000h-022EFh \
  -ARAM=020h-06Fh,0A0h-0EFh,0120h-016Fh,01A0h-01EFh,0220h-026Fh,02A0h-02EFh,0320h-036Fh,03A0h-03EFh,0420h-046Fh,04A0h-04BFh \
  -AABS1=020h-07Fh,0A0h-0EFh,0120h-016Fh,01A0h-01EFh,0220h-026Fh,02A0h-02EFh,0320h-036Fh,03A0h-03EFh,0420h-046Fh,04A0h-04BFh \
  -ASFR0=00h-01Fh -ASFR1=080h-09Fh -ASFR2=0100h-011Fh -ASFR3=0180h-019Fh \
  -ASFR4=0200h-021Fh -ASFR5=0280h-029Fh -ASFR6=0300h-031Fh \
  -ASFR7=0380h-039Fh -ASFR8=0400h-041Fh -ASFR9=0480h-049Fh \
  -ASFR10=0500h-056Fh -ASFR11=0580h-05EFh -ASFR12=0600h-066Fh \
  -ASFR13=0680h-06EFh -ASFR14=0700h-076Fh -ASFR15=0780h-07EFh \
  -ASFR16=0800h-086Fh -ASFR17=0880h-08EFh -ASFR18=0900h-096Fh \
  -ASFR19=0980h-09EFh -ASFR20=0A00h-0A6Fh -ASFR21=0A80h-0AEFh \
  -ASFR22=0B00h-0B6Fh -ASFR23=0B80h-0BEFh -ASFR24=0C00h-0C6Fh \
  -ASFR25=0C80h-0CEFh -ASFR26=0D00h-0D6Fh -ASFR27=0D80h-0DEFh \
  -ASFR28=0E00h-0E6Fh -ASFR29=0E80h-0EEFh -ASFR30=0F00h-0F6Fh \
  -ASFR31=0F80h-0FEFh -preset_vec=00h,intentry=04h,init,end_init \
  -ppowerup=CODE -pcinit=CODE -pfunctab=ENTRY -ACONFIG=08007h-08008h \
  -pconfig=CONFIG -DCONFIG=2 -AIDLOC=08000h-08003h -pidloc=IDLOC -DIDLOC=2 \
  -DCODE=2 -DSTRCODE=2 -DSTRING=2 -DCONST=2 -DENTRY=2 -k \
  C:\Users\Alfaone\AppData\Local\Temp\s5k0.obj \
  dist/default/production\standard.X.production.obj 

Object code version is 3.11

Machine type is 16F1526



                Name                               Link     Load   Length Selector   Space Scale
C:\Users\Alfaone\AppData\Local\Temp\s5k0.obj
                end_init                             9B       9B        2        8       0
                reset_vec                             0        0        2        0       0
                config                             8007     8007        2    1000E       0
dist/default/production\standard.X.production.obj
                cinit                                9D       9D       6C        8       0
                intentry                              4        4       97        8       0
                text48                             1771     1771       15     2EE2       0
                text46                             175D     175D       14     2EBA       0
                text45                             1786     1786       15     2F0C       0
                text44                              8E5      8E5       2C     11CA       0
                text43                             173B     173B       11     2E76       0
                text42                              A01      A01       33     1402       0
                text41                              A34      A34       33     1468       0
                text40                             174C     174C       11     2E98       0
                text39                             16C0     16C0        A     2D80       0
                text38                             16CA     16CA        A     2D94       0
                text37                             16D4     16D4        A     2DA8       0
                text36                             16DE     16DE        A     2DBC       0
                text35                             179B     179B       16     2F36       0
                text34                             169C     169C        9     2D38       0
                text33                             16FC     16FC        B     2DF8       0
                text32                             16E8     16E8        A     2DD0       0
                text31                             1712     1712        C     2E24       0
                text30                             1707     1707        B     2E0E       0
                text29                             16F2     16F2        A     2DE4       0
                text28                             16A5     16A5        9     2D4A       0
                text27                             16AE     16AE        9     2D5C       0
                text26                              894      894       27     1128       0
                text25                              B21      B21       65     1642       0
                text24                              872      872       22     10E4       0
                text23                              C8F      C8F       A9     191E       0
                text22                              6DF      6DF       B4        8       0
                text21                              C08      C08       87     1810       0
                text20                             17E4     17E4       1C     2FC8       0
                text19                             172C     172C        F     2E58       0
                text18                              793      793       6B        8       0
                text17                              833      833       1F     1066       0
                text16                              B86      B86       82     170C       0
                text15                              A67      A67       35     14CE       0
                text14                              7FE      7FE        1        8       0
                text13                              5F9      5F9       E6        8       0
                text12                              800      800       16     1000       0
                text11                              852      852       20     10A4       0
                text10                              816      816       1D     102C       0
                text9                               911      911       2F     1222       0
                swtext2                            1000     1000       12     2000       0
                text8                               D38      D38      2C8     1A70       0
                text7                               9CF      9CF       32     139E       0
                text6                              17B1     17B1       19     2F62       0
                text5                               8BB      8BB       2A     1176       0
                text4                              17CA     17CA       1A     2F94       0
                text3                               96F      96F       30     12DE       0
                text2                               99F      99F       30     133E       0
                text1                               AD6      AD6       4B     15AC       0
                swtext1                            1012     1012       10     2000       0
                maintext                            109      109      4F0        8       0
                cstackBANK0                          20       20       40       20       1
                cstackCOMMON                         75       75        5       70       1
                cstackBANK1                          A0       A0       35       A0       1
                cstackBANK3                         1E5      1E5        A      1A0       1
                clrtext                            1690     1690        6     2D20       0
                inittext                           1696     1696        6     2D2C       0
                dataBANK5                           2A0      2A0       3A      2A0       1
                dataBANK4                           24E      24E        E      220       1
                bssBANK4                            220      220       2E      220       1
                dataBANK3                           1A0      1A0       2F      1A0       1
                bssBANK3                            1CF      1CF       16      1A0       1
                dataBANK2                           16B      16B        5      120       1
                bssBANK2                            120      120       4B      120       1
                dataBANK1                            E7       E7        9       A0       1
                bssBANK1                             D5       D5       12       A0       1
                bssBANK0                             60       60        A       20       1
                bssCOMMON                            70       70        5       70       1
                stringtext9                        1838     1838        2     3000       0
                stringtext8                        1836     1836        2     3000       0
                stringtext7                        1833     1833        3     3000       0
                stringtext6                        182F     182F        4     3000       0
                stringtext5                        182A     182A        5     3000       0
                stringtext4                        1825     1825        5     3000       0
                stringtext3                        1820     1820        5     3000       0
                stringtext2                        1819     1819        7     3000       0
                stringtext1                        1800     1800       19     3000       0
                idataBANK5                          A9C      A9C       3A     1538       0
                idataBANK4                         171E     171E        E     2E3C       0
                idataBANK3                          940      940       2F     1280       0
                idataBANK2                         168B     168B        5     2D16       0
                idataBANK1                         16B7     16B7        9     2D6E       0

TOTAL           Name                               Link     Load   Length     Space
        CLASS   STACK          

        CLASS   CODE           
                end_init                             9B       9B        2         0
                cinit                                9D       9D       6C         0
                intentry                              4        4       97         0
                reset_vec                             0        0        2         0
                text48                             1771     1771       15         0
                text46                             175D     175D       14         0
                text45                             1786     1786       15         0
                text44                              8E5      8E5       2C         0
                text43                             173B     173B       11         0
                text42                              A01      A01       33         0
                text41                              A34      A34       33         0
                text40                             174C     174C       11         0
                text39                             16C0     16C0        A         0
                text38                             16CA     16CA        A         0
                text37                             16D4     16D4        A         0
                text36                             16DE     16DE        A         0
                text35                             179B     179B       16         0
                text34                             169C     169C        9         0
                text33                             16FC     16FC        B         0
                text32                             16E8     16E8        A         0
                text31                             1712     1712        C         0
                text30                             1707     1707        B         0
                text29                             16F2     16F2        A         0
                text28                             16A5     16A5        9         0
                text27                             16AE     16AE        9         0
                text26                              894      894       27         0
                text25                              B21      B21       65         0
                text24                              872      872       22         0
                text23                              C8F      C8F       A9         0
                text22                              6DF      6DF       B4         0
                text21                              C08      C08       87         0
                text20                             17E4     17E4       1C         0
                text19                             172C     172C        F         0
                text18                              793      793       6B         0
                text17                              833      833       1F         0
                text16                              B86      B86       82         0
                text15                              A67      A67       35         0
                text14                              7FE      7FE        1         0
                text13                              5F9      5F9       E6         0
                text12                              800      800       16         0
                text11                              852      852       20         0
                text10                              816      816       1D         0
                text9                               911      911       2F         0
                text8                               D38      D38      2C8         0
                text7                               9CF      9CF       32         0
                text6                              17B1     17B1       19         0
                text5                               8BB      8BB       2A         0
                text4                              17CA     17CA       1A         0
                text3                               96F      96F       30         0
                text2                               99F      99F       30         0
                text1                               AD6      AD6       4B         0
                maintext                            109      109      4F0         0
                clrtext                            1690     1690        6         0
                inittext                           1696     1696        6         0
                idataBANK5                          A9C      A9C       3A         0
                idataBANK4                         171E     171E        E         0
                idataBANK3                          940      940       2F         0
                idataBANK2                         168B     168B        5         0
                idataBANK1                         16B7     16B7        9         0

        CLASS   STRCODE        
                stringtext9                        1838     1838        2         0
                stringtext8                        1836     1836        2         0
                stringtext7                        1833     1833        3         0
                stringtext6                        182F     182F        4         0
                stringtext5                        182A     182A        5         0
                stringtext4                        1825     1825        5         0
                stringtext3                        1820     1820        5         0
                stringtext2                        1819     1819        7         0
                stringtext1                        1800     1800       19         0

        CLASS   STRING         

        CLASS   CONST          
                swtext2                            1000     1000       12         0
                swtext1                            1012     1012       10         0

        CLASS   ENTRY          

        CLASS   COMMON         
                cstackCOMMON                         75       75        5         1
                bssCOMMON                            70       70        5         1

        CLASS   BANK0          
                cstackBANK0                          20       20       40         1
                bssBANK0                             60       60        A         1

        CLASS   BANK1          
                cstackBANK1                          A0       A0       35         1
                dataBANK1                            E7       E7        9         1
                bssBANK1                             D5       D5       12         1

        CLASS   BANK2          
                dataBANK2                           16B      16B        5         1
                bssBANK2                            120      120       4B         1

        CLASS   BANK3          
                cstackBANK3                         1E5      1E5        A         1
                dataBANK3                           1A0      1A0       2F         1
                bssBANK3                            1CF      1CF       16         1

        CLASS   BANK4          
                dataBANK4                           24E      24E        E         1
                bssBANK4                            220      220       2E         1

        CLASS   BANK5          
                dataBANK5                           2A0      2A0       3A         1

        CLASS   BANK6          

        CLASS   BANK7          

        CLASS   BANK8          

        CLASS   BANK9          

        CLASS   BIGRAM         

        CLASS   RAM            

        CLASS   ABS1           
                abs_s1                               7E       7E        2         1

        CLASS   SFR0           

        CLASS   SFR1           

        CLASS   SFR2           

        CLASS   SFR3           

        CLASS   SFR4           

        CLASS   SFR5           

        CLASS   SFR6           

        CLASS   SFR7           

        CLASS   SFR8           

        CLASS   SFR9           

        CLASS   SFR10          

        CLASS   SFR11          

        CLASS   SFR12          

        CLASS   SFR13          

        CLASS   SFR14          

        CLASS   SFR15          

        CLASS   SFR16          

        CLASS   SFR17          

        CLASS   SFR18          

        CLASS   SFR19          

        CLASS   SFR20          

        CLASS   SFR21          

        CLASS   SFR22          

        CLASS   SFR23          

        CLASS   SFR24          

        CLASS   SFR25          

        CLASS   SFR26          

        CLASS   SFR27          

        CLASS   SFR28          

        CLASS   SFR29          

        CLASS   SFR30          

        CLASS   SFR31          

        CLASS   CONFIG         
                config                             8007     8007        2         0

        CLASS   IDLOC          

        CLASS   BANK31         

        CLASS   BANK30         

        CLASS   BANK29         

        CLASS   BANK28         

        CLASS   BANK27         

        CLASS   BANK26         

        CLASS   BANK25         

        CLASS   BANK24         

        CLASS   BANK23         

        CLASS   BANK22         

        CLASS   BANK21         

        CLASS   BANK20         

        CLASS   BANK19         

        CLASS   BANK18         

        CLASS   BANK17         

        CLASS   BANK16         

        CLASS   BANK15         

        CLASS   BANK14         

        CLASS   BANK13         

        CLASS   BANK12         

        CLASS   BANK11         

        CLASS   BANK10         

        CLASS   EEDATA         



SEGMENTS        Name                           Load    Length   Top    Selector   Space  Class     Delta

                reset_vec                      000000  000002  000002         0       0  CODE        2
                intentry                       000004  0007FB  0007FF         8       0  CODE        2
                cstackBANK0                    000020  00004A  00006A        20       1  BANK0       1
                bssCOMMON                      000070  00000A  00007A        70       1  COMMON      1
                cstackBANK1                    0000A0  000050  0000F0        A0       1  BANK1       1
                bssBANK2                       000120  000050  000170       120       1  BANK2       1
                dataBANK3                      0001A0  00004F  0001EF       1A0       1  BANK3       1
                bssBANK4                       000220  00003C  00025C       220       1  BANK4       1
                dataBANK5                      0002A0  00003A  0002DA       2A0       1  BANK5       1
                text12                         000800  000016  000816      1000       0  CODE        2
                text10                         000816  00001D  000833      102C       0  CODE        2
                text17                         000833  00001F  000852      1066       0  CODE        2
                text11                         000852  000020  000872      10A4       0  CODE        2
                text24                         000872  000022  000894      10E4       0  CODE        2
                text26                         000894  000027  0008BB      1128       0  CODE        2
                text5                          0008BB  00002A  0008E5      1176       0  CODE        2
                text44                         0008E5  00002C  000911      11CA       0  CODE        2
                text9                          000911  00002F  000940      1222       0  CODE        2
                idataBANK3                     000940  00002F  00096F      1280       0  CODE        2
                text3                          00096F  000030  00099F      12DE       0  CODE        2
                text2                          00099F  000030  0009CF      133E       0  CODE        2
                text7                          0009CF  000032  000A01      139E       0  CODE        2
                text42                         000A01  000033  000A34      1402       0  CODE        2
                text41                         000A34  000033  000A67      1468       0  CODE        2
                text15                         000A67  000035  000A9C      14CE       0  CODE        2
                idataBANK5                     000A9C  00003A  000AD6      1538       0  CODE        2
                text1                          000AD6  00004B  000B21      15AC       0  CODE        2
                text25                         000B21  000065  000B86      1642       0  CODE        2
                text16                         000B86  000082  000C08      170C       0  CODE        2
                text21                         000C08  000087  000C8F      1810       0  CODE        2
                text23                         000C8F  0000A9  000D38      191E       0  CODE        2
                text8                          000D38  0002C8  001000      1A70       0  CODE        2
                swtext2                        001000  000022  001022      2000       0  CONST       2
                idataBANK2                     00168B  000005  001690      2D16       0  CODE        2
                clrtext                        001690  000006  001696      2D20       0  CODE        2
                inittext                       001696  000006  00169C      2D2C       0  CODE        2
                text34                         00169C  000009  0016A5      2D38       0  CODE        2
                text28                         0016A5  000009  0016AE      2D4A       0  CODE        2
                text27                         0016AE  000009  0016B7      2D5C       0  CODE        2
                idataBANK1                     0016B7  000009  0016C0      2D6E       0  CODE        2
                text39                         0016C0  00000A  0016CA      2D80       0  CODE        2
                text38                         0016CA  00000A  0016D4      2D94       0  CODE        2
                text37                         0016D4  00000A  0016DE      2DA8       0  CODE        2
                text36                         0016DE  00000A  0016E8      2DBC       0  CODE        2
                text32                         0016E8  00000A  0016F2      2DD0       0  CODE        2
                text29                         0016F2  00000A  0016FC      2DE4       0  CODE        2
                text33                         0016FC  00000B  001707      2DF8       0  CODE        2
                text30                         001707  00000B  001712      2E0E       0  CODE        2
                text31                         001712  00000C  00171E      2E24       0  CODE        2
                idataBANK4                     00171E  00000E  00172C      2E3C       0  CODE        2
                text19                         00172C  00000F  00173B      2E58       0  CODE        2
                text43                         00173B  000011  00174C      2E76       0  CODE        2
                text40                         00174C  000011  00175D      2E98       0  CODE        2
                text46                         00175D  000014  001771      2EBA       0  CODE        2
                text48                         001771  000015  001786      2EE2       0  CODE        2
                text45                         001786  000015  00179B      2F0C       0  CODE        2
                text35                         00179B  000016  0017B1      2F36       0  CODE        2
                text6                          0017B1  000019  0017CA      2F62       0  CODE        2
                text4                          0017CA  00001A  0017E4      2F94       0  CODE        2
                text20                         0017E4  00001C  001800      2FC8       0  CODE        2
                stringtext1                    001800  00003A  00183A      3000       0  STRCODE     2
                config                         008007  000002  008009     1000E       0  CONFIG      2


UNUSED ADDRESS RANGES

        Name                Unused          Largest block    Delta
        BANK0            0006A-0006F               6           1
        BANK3            001EF-001EF               1           1
        BANK4            0025C-0026F              14           1
        BANK5            002DA-002EF              16           1
        BANK6            00320-0036F              50           1
        BANK7            003A0-003EF              50           1
        BANK8            00420-0046F              50           1
        BANK9            004A0-004BF              20           1
        BIGRAM           02000-022EF             2F0           1
        CODE             00002-00003               2           2
                         007FF-007FF               1
                         01022-0168A             669
                         0183A-01FFF             7C6
        COMMON           0007A-0007D               4           1
        CONST            00002-00003               2           2
                         007FF-007FF               1
                         01022-0168A             100
                         0183A-01FFF             100
        ENTRY            00002-00003               2           2
                         007FF-007FF               1
                         01022-0168A             100
                         0183A-01FFF             100
        IDLOC            08000-08003               4           2
        RAM              0006A-0006F               6           1
                         001EF-001EF               1
                         0025C-0026F              14
                         002DA-002EF              16
                         00320-0036F              50
                         003A0-003EF              50
                         00420-0046F              50
                         004A0-004BF              20
        SFR0             00000-0001F              20           1
        SFR1             00080-0009F              20           1
        SFR10            00500-0056F              70           1
        SFR11            00580-005EF              70           1
        SFR12            00600-0066F              70           1
        SFR13            00680-006EF              70           1
        SFR14            00700-0076F              70           1
        SFR15            00780-007EF              70           1
        SFR16            00800-0086F              70           1
        SFR17            00880-008EF              70           1
        SFR18            00900-0096F              70           1
        SFR19            00980-009EF              70           1
        SFR2             00100-0011F              20           1
        SFR20            00A00-00A6F              70           1
        SFR21            00A80-00AEF              70           1
        SFR22            00B00-00B6F              70           1
        SFR23            00B80-00BEF              70           1
        SFR24            00C00-00C6F              70           1
        SFR25            00C80-00CEF              70           1
        SFR26            00D00-00D6F              70           1
        SFR27            00D80-00DEF              70           1
        SFR28            00E00-00E6F              70           1
        SFR29            00E80-00EEF              70           1
        SFR3             00180-0019F              20           1
        SFR30            00F00-00F6F              70           1
        SFR31            00F80-00FEF              70           1
        SFR4             00200-0021F              20           1
        SFR5             00280-0029F              20           1
        SFR6             00300-0031F              20           1
        SFR7             00380-0039F              20           1
        SFR8             00400-0041F              20           1
        SFR9             00480-0049F              20           1
        STACK            021CA-022EF             126           1
        STRCODE          00002-00003               2           2
                         007FF-007FF               1
                         01022-0168A             669
                         0183A-01FFF             7C6
        STRING           00002-00003               2           2
                         007FF-007FF               1
                         01022-0168A             100
                         0183A-01FFF             100

                                  Symbol Table

?___awtoft                                   cstackBANK0  00028
?___ftdiv                                    cstackBANK0  0002E
?___ftmul                                    cstackBANK0  00028
?___ftpack                                   cstackBANK0  00020
?___fttol                                    cstackBANK0  0003E
?___lwdiv                                    cstackBANK0  00020
?___wmul                                     cstackBANK0  00020
?__doprnt                                    cstackBANK0  00028
?_atoi                                       cstackBANK0  00026
?_hexadecimalToDecimal                       cstackBANK0  00026
?_printf                                     cstackBANK0  00036
?_sprintf                                    cstackBANK0  00036
?_strchr                                     cstackBANK0  00020
?_strcmp                                     cstackBANK0  00020
?_strcspn                                    cstackBANK0  00027
?_strlen                                     cstackBANK0  00020
?_strspn                                     cstackBANK0  00027
SwitchOffStatustToGatway@SwitchOffNumber     cstackBANK0  00020
SwitchOnStatustToGatway@SwitchOnNumber       cstackBANK0  00020
_ANSELA                                      (abs)        0018C
_ANSELB                                      (abs)        0018D
_ANSELD                                      (abs)        0018F
_ANSELE                                      (abs)        00190
_ANSELF                                      (abs)        0040C
_ANSELG                                      (abs)        0040D
_AcknowledgementString                       bssBANK1     000E2
_AllColorIntensityString                     bssBANK0     00063
_AllColorIntensityStringLength               bssBANK3     001DE
_BAUD1CON                                    (abs)        0019F
_BlueColorIntensityBuffer                    bssBANK1     000D9
_BlueColorIntensityString                    bssBANK0     00064
_BlueColorIntensityStringLength              bssBANK2     00138
_CCP10CON                                    (abs)        0061F
_CCP10IF                                     (abs)        000A7
_CCP10_Initialize                            text39       016C0
_CCP7CON                                     (abs)        00616
_CCP7_Initialize                             text38       016CA
_CCP8_Initialize                             text37       016D4
_CCP9CON                                     (abs)        0061C
_CCP9_Initialize                             text36       016DE
_CCPR10H                                     (abs)        0061E
_CCPR10L                                     (abs)        0061D
_CCPR7H                                      (abs)        00615
_CCPR7L                                      (abs)        00614
_CCPR8H                                      (abs)        00618
_CCPR8L                                      (abs)        00617
_CCPR9H                                      (abs)        0061B
_CCPR9L                                      (abs)        0061A
_ChildLockString                             bssCOMMON    00074
_ChildLockbuffer                             bssBANK2     00161
_ConvertIntegertoStringBlueColorBuffer       bssBANK2     00165
_ConvertIntegertoStringGreenColorBuffer      bssBANK2     00167
_ConvertIntegertoStringRedColorBuffer        bssBANK2     00169
_ConvertmaindataReceiveIntoString            bssBANK0     00069
_EUSART_Initialize                           text35       0179B
_GIE                                         (abs)        0005F
_GPIO_pin_Initialize                         text44       008E5
_GreenColorIntensityBuffer                   bssBANK1     000DB
_GreenColorIntensityString                   bssBANK0     00065
_GreenColorIntensityStringLength             bssBANK2     0013A
_IntegerAllColorIntensity                    bssBANK3     001D4
_IntegerBlueColorIntensity                   bssBANK0     00060
_IntegerChildLock                            bssBANK2     00132
_IntegerGreenColorIntensity                  bssCOMMON    00070
_IntegerSwitchNumber                         bssBANK2     00134
_IntergerRedColorIntensity                   bssCOMMON    00072
_IntergerSwitchStatus                        bssBANK1     000D5
_M1                                          bssBANK2     00130
_M2                                          bssBANK2     0012E
_M3                                          bssBANK2     0012C
_M4                                          bssBANK2     0012A
_M5                                          bssBANK2     00128
_M6                                          bssBANK2     00126
_M7                                          bssBANK2     00124
_M8                                          bssBANK2     00122
_M9                                          bssBANK2     00120
_ModuleNameString                            bssBANK0     00067
_PEIE                                        (abs)        0005E
_PIE1bits                                    (abs)        00091
_PIE2bits                                    (abs)        00092
_PIE3bits                                    (abs)        00093
_PIE4bits                                    (abs)        00094
_PIR1bits                                    (abs)        00011
_PIR2bits                                    (abs)        00012
_PIR3bits                                    (abs)        00013
_PIR4bits                                    (abs)        00014
_PORTBbits                                   (abs)        0000D
_PORTDbits                                   (abs)        0000F
_PORTEbits                                   (abs)        00010
_PORTFbits                                   (abs)        0028C
_PORTGbits                                   (abs)        0028D
_PR2                                         (abs)        0001B
_RC1IF                                       (abs)        0008D
_RC1REG                                      (abs)        00199
_RC1STA                                      (abs)        0019D
_RC1STAbits                                  (abs)        0019D
_ReceivingIndicationLedBlinking              text43       0173B
_RedColorIntensityBuffer                     bssBANK1     000DD
_RedColorIntensityString                     bssBANK0     00066
_RedColorIntensityStringLength               bssBANK2     0013C
_SP1BRGH                                     (abs)        0019C
_SP1BRGL                                     (abs)        0019B
_SwitchNumberString                          bssBANK1     000E3
_SwitchOffStatustToGatway                    text42       00A01
_SwitchOnStatustToGatway                     text41       00A34
_SwitchStatusString                          bssBANK1     000E1
_T10CON                                      (abs)        0059E
_T1CON                                       (abs)        00018
_T1CONbits                                   (abs)        00018
_T1GCON                                      (abs)        00019
_T2CON                                       (abs)        0001C
_T2CONbits                                   (abs)        0001C
_T3CON                                       (abs)        00413
_T3GCON                                      (abs)        00414
_T4CON                                       (abs)        00417
_T5CON                                       (abs)        0041A
_T5GCON                                      (abs)        0041B
_T6CON                                       (abs)        0041E
_T8CON                                       (abs)        00597
_TMR10                                       (abs)        0059C
_TMR10_Initialize                            text34       0169C
_TMR1H                                       (abs)        00017
_TMR1L                                       (abs)        00016
_TMR1_Initialize                             text33       016FC
_TMR2                                        (abs)        0001A
_TMR2_Initialize                             text32       016E8
_TMR3H                                       (abs)        00412
_TMR3L                                       (abs)        00411
_TMR3_Initialize                             text31       01712
_TMR4                                        (abs)        00415
_TMR4_Initialize                             text30       01707
_TMR5H                                       (abs)        00419
_TMR5L                                       (abs)        00418
_TMR5_Initialize                             text29       016F2
_TMR6                                        (abs)        0041C
_TMR6_Initialize                             text28       016A5
_TMR8                                        (abs)        00595
_TMR8_Initialize                             text27       016AE
_TRISBbits                                   (abs)        0008D
_TRISCbits                                   (abs)        0008E
_TRISDbits                                   (abs)        0008F
_TRISEbits                                   (abs)        00090
_TRISFbits                                   (abs)        0030C
_TRISGbits                                   (abs)        0030D
_TX1REG                                      (abs)        0019A
_TX1STA                                      (abs)        0019E
_TX1STAbits                                  (abs)        0019E
_Timer1H                                     bssBANK2     0014C
_Timer1L                                     bssBANK2     0014A
_TransmissionIndicationLedBlinking           text40       0174C
_WPUB                                        (abs)        0020D
_WPUD                                        (abs)        0020F
_WPUE                                        (abs)        00210
_WPUG                                        (abs)        0048D
__CFG_BOREN$OFF                              (abs)        00000
__CFG_BORV$LO                                (abs)        00000
__CFG_CLKOUTEN$OFF                           (abs)        00000
__CFG_CP$OFF                                 (abs)        00000
__CFG_FCMEN$OFF                              (abs)        00000
__CFG_FOSC$HS                                (abs)        00000
__CFG_IESO$OFF                               (abs)        00000
__CFG_LPBOR$OFF                              (abs)        00000
__CFG_LVP$OFF                                (abs)        00000
__CFG_MCLRE$OFF                              (abs)        00000
__CFG_PWRTE$OFF                              (abs)        00000
__CFG_STVREN$OFF                             (abs)        00000
__CFG_VCAPEN$OFF                             (abs)        00000
__CFG_WDTE$OFF                               (abs)        00000
__CFG_WRT$OFF                                (abs)        00000
__Habs1                                      abs1         00000
__Hbank0                                     bank0        00000
__Hbank1                                     bank1        00000
__Hbank10                                    bank10       00000
__Hbank11                                    bank11       00000
__Hbank12                                    bank12       00000
__Hbank13                                    bank13       00000
__Hbank14                                    bank14       00000
__Hbank15                                    bank15       00000
__Hbank16                                    bank16       00000
__Hbank17                                    bank17       00000
__Hbank18                                    bank18       00000
__Hbank19                                    bank19       00000
__Hbank2                                     bank2        00000
__Hbank20                                    bank20       00000
__Hbank21                                    bank21       00000
__Hbank22                                    bank22       00000
__Hbank23                                    bank23       00000
__Hbank24                                    bank24       00000
__Hbank25                                    bank25       00000
__Hbank26                                    bank26       00000
__Hbank27                                    bank27       00000
__Hbank28                                    bank28       00000
__Hbank29                                    bank29       00000
__Hbank3                                     bank3        00000
__Hbank30                                    bank30       00000
__Hbank31                                    bank31       00000
__Hbank4                                     bank4        00000
__Hbank5                                     bank5        00000
__Hbank6                                     bank6        00000
__Hbank7                                     bank7        00000
__Hbank8                                     bank8        00000
__Hbank9                                     bank9        00000
__Hbigram                                    bigram       00000
__HbssBANK0                                  bssBANK0     00000
__HbssBANK1                                  bssBANK1     00000
__HbssBANK2                                  bssBANK2     00000
__HbssBANK3                                  bssBANK3     00000
__HbssBANK4                                  bssBANK4     00000
__HbssCOMMON                                 bssCOMMON    00000
__Hcinit                                     cinit        00109
__Hclrtext                                   clrtext      00000
__Hcode                                      code         00000
__Hcommon                                    common       00000
__Hconfig                                    config       08009
__HcstackBANK0                               cstackBANK0  00000
__HcstackBANK1                               cstackBANK1  00000
__HcstackBANK3                               cstackBANK3  00000
__HcstackCOMMON                              cstackCOMMON 00000
__HdataBANK1                                 dataBANK1    00000
__HdataBANK2                                 dataBANK2    00000
__HdataBANK3                                 dataBANK3    00000
__HdataBANK4                                 dataBANK4    00000
__HdataBANK5                                 dataBANK5    00000
__Heeprom_data                               eeprom_data  00000
__Hend_init                                  end_init     0009D
__Hfunctab                                   functab      00000
__HidataBANK1                                idataBANK1   00000
__HidataBANK2                                idataBANK2   00000
__HidataBANK3                                idataBANK3   00000
__HidataBANK4                                idataBANK4   00000
__HidataBANK5                                idataBANK5   00000
__Hidloc                                     idloc        00000
__Hinit                                      init         0009B
__Hinittext                                  inittext     00000
__Hintentry                                  intentry     0009B
__Hmaintext                                  maintext     00000
__Hpowerup                                   powerup      00000
__Hram                                       ram          00000
__Hreset_vec                                 reset_vec    00002
__Hsfr0                                      sfr0         00000
__Hsfr1                                      sfr1         00000
__Hsfr10                                     sfr10        00000
__Hsfr11                                     sfr11        00000
__Hsfr12                                     sfr12        00000
__Hsfr13                                     sfr13        00000
__Hsfr14                                     sfr14        00000
__Hsfr15                                     sfr15        00000
__Hsfr16                                     sfr16        00000
__Hsfr17                                     sfr17        00000
__Hsfr18                                     sfr18        00000
__Hsfr19                                     sfr19        00000
__Hsfr2                                      sfr2         00000
__Hsfr20                                     sfr20        00000
__Hsfr21                                     sfr21        00000
__Hsfr22                                     sfr22        00000
__Hsfr23                                     sfr23        00000
__Hsfr24                                     sfr24        00000
__Hsfr25                                     sfr25        00000
__Hsfr26                                     sfr26        00000
__Hsfr27                                     sfr27        00000
__Hsfr28                                     sfr28        00000
__Hsfr29                                     sfr29        00000
__Hsfr3                                      sfr3         00000
__Hsfr30                                     sfr30        00000
__Hsfr31                                     sfr31        00000
__Hsfr4                                      sfr4         00000
__Hsfr5                                      sfr5         00000
__Hsfr6                                      sfr6         00000
__Hsfr7                                      sfr7         00000
__Hsfr8                                      sfr8         00000
__Hsfr9                                      sfr9         00000
__Hspace_0                                   (abs)        08009
__Hspace_1                                   (abs)        002DA
__Hspace_2                                   (abs)        00000
__Hspace_3                                   (abs)        00000
__Hstack                                     stack        00000
__Hstrings                                   strings      00000
__Hstringtext1                               stringtext1  00000
__Hstringtext10                              stringtext10 00000
__Hstringtext2                               stringtext2  00000
__Hstringtext3                               stringtext3  00000
__Hstringtext4                               stringtext4  00000
__Hstringtext5                               stringtext5  00000
__Hstringtext6                               stringtext6  00000
__Hstringtext7                               stringtext7  00000
__Hstringtext8                               stringtext8  00000
__Hstringtext9                               stringtext9  00000
__Htext                                      text         00000
__Labs1                                      abs1         00000
__Lbank0                                     bank0        00000
__Lbank1                                     bank1        00000
__Lbank10                                    bank10       00000
__Lbank11                                    bank11       00000
__Lbank12                                    bank12       00000
__Lbank13                                    bank13       00000
__Lbank14                                    bank14       00000
__Lbank15                                    bank15       00000
__Lbank16                                    bank16       00000
__Lbank17                                    bank17       00000
__Lbank18                                    bank18       00000
__Lbank19                                    bank19       00000
__Lbank2                                     bank2        00000
__Lbank20                                    bank20       00000
__Lbank21                                    bank21       00000
__Lbank22                                    bank22       00000
__Lbank23                                    bank23       00000
__Lbank24                                    bank24       00000
__Lbank25                                    bank25       00000
__Lbank26                                    bank26       00000
__Lbank27                                    bank27       00000
__Lbank28                                    bank28       00000
__Lbank29                                    bank29       00000
__Lbank3                                     bank3        00000
__Lbank30                                    bank30       00000
__Lbank31                                    bank31       00000
__Lbank4                                     bank4        00000
__Lbank5                                     bank5        00000
__Lbank6                                     bank6        00000
__Lbank7                                     bank7        00000
__Lbank8                                     bank8        00000
__Lbank9                                     bank9        00000
__Lbigram                                    bigram       00000
__LbssBANK0                                  bssBANK0     00000
__LbssBANK1                                  bssBANK1     00000
__LbssBANK2                                  bssBANK2     00000
__LbssBANK3                                  bssBANK3     00000
__LbssBANK4                                  bssBANK4     00000
__LbssCOMMON                                 bssCOMMON    00000
__Lcinit                                     cinit        0009D
__Lclrtext                                   clrtext      00000
__Lcode                                      code         00000
__Lcommon                                    common       00000
__Lconfig                                    config       08007
__LcstackBANK0                               cstackBANK0  00000
__LcstackBANK1                               cstackBANK1  00000
__LcstackBANK3                               cstackBANK3  00000
__LcstackCOMMON                              cstackCOMMON 00000
__LdataBANK1                                 dataBANK1    00000
__LdataBANK2                                 dataBANK2    00000
__LdataBANK3                                 dataBANK3    00000
__LdataBANK4                                 dataBANK4    00000
__LdataBANK5                                 dataBANK5    00000
__Leeprom_data                               eeprom_data  00000
__Lend_init                                  end_init     0009B
__Lfunctab                                   functab      00000
__LidataBANK1                                idataBANK1   00000
__LidataBANK2                                idataBANK2   00000
__LidataBANK3                                idataBANK3   00000
__LidataBANK4                                idataBANK4   00000
__LidataBANK5                                idataBANK5   00000
__Lidloc                                     idloc        00000
__Linit                                      init         0009B
__Linittext                                  inittext     00000
__Lintentry                                  intentry     00004
__Lmaintext                                  maintext     00000
__Lpowerup                                   powerup      00000
__Lram                                       ram          00000
__Lreset_vec                                 reset_vec    00000
__Lsfr0                                      sfr0         00000
__Lsfr1                                      sfr1         00000
__Lsfr10                                     sfr10        00000
__Lsfr11                                     sfr11        00000
__Lsfr12                                     sfr12        00000
__Lsfr13                                     sfr13        00000
__Lsfr14                                     sfr14        00000
__Lsfr15                                     sfr15        00000
__Lsfr16                                     sfr16        00000
__Lsfr17                                     sfr17        00000
__Lsfr18                                     sfr18        00000
__Lsfr19                                     sfr19        00000
__Lsfr2                                      sfr2         00000
__Lsfr20                                     sfr20        00000
__Lsfr21                                     sfr21        00000
__Lsfr22                                     sfr22        00000
__Lsfr23                                     sfr23        00000
__Lsfr24                                     sfr24        00000
__Lsfr25                                     sfr25        00000
__Lsfr26                                     sfr26        00000
__Lsfr27                                     sfr27        00000
__Lsfr28                                     sfr28        00000
__Lsfr29                                     sfr29        00000
__Lsfr3                                      sfr3         00000
__Lsfr30                                     sfr30        00000
__Lsfr31                                     sfr31        00000
__Lsfr4                                      sfr4         00000
__Lsfr5                                      sfr5         00000
__Lsfr6                                      sfr6         00000
__Lsfr7                                      sfr7         00000
__Lsfr8                                      sfr8         00000
__Lsfr9                                      sfr9         00000
__Lspace_0                                   (abs)        00000
__Lspace_1                                   (abs)        00000
__Lspace_2                                   (abs)        00000
__Lspace_3                                   (abs)        00000
__Lstack                                     stack        00000
__Lstrings                                   strings      00000
__Lstringtext1                               stringtext1  00000
__Lstringtext10                              stringtext10 00000
__Lstringtext2                               stringtext2  00000
__Lstringtext3                               stringtext3  00000
__Lstringtext4                               stringtext4  00000
__Lstringtext5                               stringtext5  00000
__Lstringtext6                               stringtext6  00000
__Lstringtext7                               stringtext7  00000
__Lstringtext8                               stringtext8  00000
__Lstringtext9                               stringtext9  00000
__Ltext                                      text         00000
__S0                                         (abs)        08009
__S1                                         (abs)        002DA
__S2                                         (abs)        00000
___awtoft                                    text24       00872
___awtoft@c                                  cstackBANK0  00028
___awtoft@sign                               cstackBANK0  0002D
___ftdiv                                     text23       00C8F
___ftdiv@cntr                                cstackBANK0  00038
___ftdiv@exp                                 cstackBANK0  0003C
___ftdiv@f1                                  cstackBANK0  00031
___ftdiv@f2                                  cstackBANK0  0002E
___ftdiv@f3                                  cstackBANK0  00039
___ftdiv@sign                                cstackBANK0  0003D
___ftmul                                     text22       006DF
___ftmul@cntr                                cstackBANK0  00036
___ftmul@exp                                 cstackBANK0  00032
___ftmul@f1                                  cstackBANK0  00028
___ftmul@f2                                  cstackBANK0  0002B
___ftmul@f3_as_product                       cstackBANK0  00033
___ftmul@sign                                cstackBANK0  00037
___ftpack                                    text25       00B21
___ftpack@arg                                cstackBANK0  00020
___ftpack@exp                                cstackBANK0  00023
___ftpack@sign                               cstackBANK0  00024
___fttol                                     text21       00C08
___fttol@exp1                                cstackBANK0  0004B
___fttol@f1                                  cstackBANK0  0003E
___fttol@lval                                cstackBANK0  00047
___fttol@sign1                               cstackBANK0  00046
___int_sp                                    stack        00000
___latbits                                   (abs)        00002
___lwdiv                                     text15       00A67
___lwdiv@counter                             cstackBANK0  00025
___lwdiv@dividend                            cstackBANK0  00022
___lwdiv@divisor                             cstackBANK0  00020
___lwdiv@quotient                            cstackBANK0  00026
___sp                                        stack        00000
___wmul                                      text20       017E4
___wmul@multiplicand                         cstackBANK0  00022
___wmul@multiplier                           cstackBANK0  00020
___wmul@product                              cstackBANK0  00024
__doprnt                                     text13       005F9
__doprnt@ap                                  cstackBANK0  0002A
__doprnt@c                                   cstackBANK0  00035
__doprnt@f                                   cstackBANK0  00028
__doprnt@flag                                cstackBANK0  0002F
__doprnt@idx                                 cstackBANK0  00030
__doprnt@pb                                  cstackBANK0  00034
__doprnt@prec                                cstackBANK0  00033
__doprnt@val                                 cstackBANK0  00031
__end_of_CCP10_Initialize                    text39       016CA
__end_of_CCP7_Initialize                     text38       016D4
__end_of_CCP8_Initialize                     text37       016DE
__end_of_CCP9_Initialize                     text36       016E8
__end_of_EUSART_Initialize                   text35       017B1
__end_of_GPIO_pin_Initialize                 text44       00911
__end_of_ReceivingIndicationLedBlinking      text43       0174C
__end_of_SwitchOffStatustToGatway            text42       00A34
__end_of_SwitchOnStatustToGatway             text41       00A67
__end_of_TMR10_Initialize                    text34       016A5
__end_of_TMR1_Initialize                     text33       01707
__end_of_TMR2_Initialize                     text32       016F2
__end_of_TMR3_Initialize                     text31       0171E
__end_of_TMR4_Initialize                     text30       01712
__end_of_TMR5_Initialize                     text29       016FC
__end_of_TMR6_Initialize                     text28       016AE
__end_of_TMR8_Initialize                     text27       016B7
__end_of_TransmissionIndicationLedBlinking   text40       0175D
__end_of___awtoft                            text24       00894
__end_of___ftdiv                             text23       00D38
__end_of___ftmul                             text22       00793
__end_of___ftpack                            text25       00B86
__end_of___fttol                             text21       00C8F
__end_of___lwdiv                             text15       00A9C
__end_of___wmul                              text20       01800
__end_of__doprnt                             text13       006DF
__end_of__initialization                     cinit        00105
__end_of_allPeripheralInit                   text26       008BB
__end_of_applianceControl                    text8        01000
__end_of_atoi                                text18       007FE
__end_of_clearAllPorts                       text46       01771
__end_of_copyReceivedDataBuffer              text7        00A01
__end_of_errorsISR                           text48       01786
__end_of_errorsMain                          text6        017CA
__end_of_hexadecimalToDecimal                text16       00C08
__end_of_hexpowers                           stringtext1  01808
__end_of_isdigit                             text19       0173B
__end_of_isr                                 intentry     0009B
__end_of_main                                maintext     005F9
__end_of_pinINIT_extra                       text45       0179B
__end_of_printf                              text12       00816
__end_of_putch                               text14       007FF
__end_of_sendAcknowledgment                  text11       00872
__end_of_sprintf                             text10       00833
__end_of_strchr                              text4        017E4
__end_of_strcmp                              text5        008E5
__end_of_strcspn                             text3        0099F
__end_of_strlen                              text17       00852
__end_of_strncpy                             text9        00940
__end_of_strspn                              text2        009CF
__end_of_strtok                              text1        00B21
__initialization                             cinit        0009D
__pbssBANK0                                  bssBANK0     00060
__pbssBANK1                                  bssBANK1     000D5
__pbssBANK2                                  bssBANK2     00120
__pbssBANK3                                  bssBANK3     001CF
__pbssBANK4                                  bssBANK4     00220
__pbssCOMMON                                 bssCOMMON    00070
__pcstackBANK0                               cstackBANK0  00020
__pcstackBANK1                               cstackBANK1  000A0
__pcstackBANK3                               cstackBANK3  001E5
__pcstackCOMMON                              cstackCOMMON 00075
__pdataBANK1                                 dataBANK1    000E7
__pdataBANK2                                 dataBANK2    0016B
__pdataBANK3                                 dataBANK3    001A0
__pdataBANK4                                 dataBANK4    0024E
__pdataBANK5                                 dataBANK5    002A0
__pidataBANK1                                idataBANK1   016B7
__pidataBANK2                                idataBANK2   0168B
__pidataBANK3                                idataBANK3   00940
__pidataBANK4                                idataBANK4   0171E
__pidataBANK5                                idataBANK5   00A9C
__pintentry                                  intentry     00004
__pmaintext                                  maintext     00109
__pstringtext1                               stringtext1  01800
__pstringtext10                              stringtext10 00000
__pstringtext2                               stringtext2  01819
__pstringtext3                               stringtext3  01820
__pstringtext4                               stringtext4  01825
__pstringtext5                               stringtext5  0182A
__pstringtext6                               stringtext6  0182F
__pstringtext7                               stringtext7  01833
__pstringtext8                               stringtext8  01836
__pstringtext9                               stringtext9  01838
__pswtext1                                   swtext1      01012
__pswtext2                                   swtext2      01000
__ptext1                                     text1        00AD6
__ptext10                                    text10       00816
__ptext11                                    text11       00852
__ptext12                                    text12       00800
__ptext13                                    text13       005F9
__ptext14                                    text14       007FE
__ptext15                                    text15       00A67
__ptext16                                    text16       00B86
__ptext17                                    text17       00833
__ptext18                                    text18       00793
__ptext19                                    text19       0172C
__ptext2                                     text2        0099F
__ptext20                                    text20       017E4
__ptext21                                    text21       00C08
__ptext22                                    text22       006DF
__ptext23                                    text23       00C8F
__ptext24                                    text24       00872
__ptext25                                    text25       00B21
__ptext26                                    text26       00894
__ptext27                                    text27       016AE
__ptext28                                    text28       016A5
__ptext29                                    text29       016F2
__ptext3                                     text3        0096F
__ptext30                                    text30       01707
__ptext31                                    text31       01712
__ptext32                                    text32       016E8
__ptext33                                    text33       016FC
__ptext34                                    text34       0169C
__ptext35                                    text35       0179B
__ptext36                                    text36       016DE
__ptext37                                    text37       016D4
__ptext38                                    text38       016CA
__ptext39                                    text39       016C0
__ptext4                                     text4        017CA
__ptext40                                    text40       0174C
__ptext41                                    text41       00A34
__ptext42                                    text42       00A01
__ptext43                                    text43       0173B
__ptext44                                    text44       008E5
__ptext45                                    text45       01786
__ptext46                                    text46       0175D
__ptext48                                    text48       01771
__ptext5                                     text5        008BB
__ptext6                                     text6        017B1
__ptext7                                     text7        009CF
__ptext8                                     text8        00D38
__ptext9                                     text9        00911
__size_of_CCP10_Initialize                   (abs)        00000
__size_of_CCP7_Initialize                    (abs)        00000
__size_of_CCP8_Initialize                    (abs)        00000
__size_of_CCP9_Initialize                    (abs)        00000
__size_of_EUSART_Initialize                  (abs)        00000
__size_of_GPIO_pin_Initialize                (abs)        00000
__size_of_ReceivingIndicationLedBlinking     (abs)        00000
__size_of_SwitchOffStatustToGatway           (abs)        00000
__size_of_SwitchOnStatustToGatway            (abs)        00000
__size_of_TMR10_Initialize                   (abs)        00000
__size_of_TMR1_Initialize                    (abs)        00000
__size_of_TMR2_Initialize                    (abs)        00000
__size_of_TMR3_Initialize                    (abs)        00000
__size_of_TMR4_Initialize                    (abs)        00000
__size_of_TMR5_Initialize                    (abs)        00000
__size_of_TMR6_Initialize                    (abs)        00000
__size_of_TMR8_Initialize                    (abs)        00000
__size_of_TransmissionIndicationLedBlinking  (abs)        00000
__size_of___awtoft                           (abs)        00000
__size_of___ftdiv                            (abs)        00000
__size_of___ftmul                            (abs)        00000
__size_of___ftpack                           (abs)        00000
__size_of___fttol                            (abs)        00000
__size_of___lwdiv                            (abs)        00000
__size_of___wmul                             (abs)        00000
__size_of__doprnt                            (abs)        00000
__size_of_allPeripheralInit                  (abs)        00000
__size_of_applianceControl                   (abs)        00000
__size_of_atoi                               (abs)        00000
__size_of_clearAllPorts                      (abs)        00000
__size_of_copyReceivedDataBuffer             (abs)        00000
__size_of_errorsISR                          (abs)        00000
__size_of_errorsMain                         (abs)        00000
__size_of_hexadecimalToDecimal               (abs)        00000
__size_of_isdigit                            (abs)        00000
__size_of_isr                                (abs)        00000
__size_of_main                               (abs)        00000
__size_of_pinINIT_extra                      (abs)        00000
__size_of_printf                             (abs)        00000
__size_of_putch                              (abs)        00000
__size_of_sendAcknowledgment                 (abs)        00000
__size_of_sprintf                            (abs)        00000
__size_of_strchr                             (abs)        00000
__size_of_strcmp                             (abs)        00000
__size_of_strcspn                            (abs)        00000
__size_of_strlen                             (abs)        00000
__size_of_strncpy                            (abs)        00000
__size_of_strspn                             (abs)        00000
__size_of_strtok                             (abs)        00000
_allPeripheralInit                           text26       00894
_applianceControl                            text8        00D38
_atoi                                        text18       00793
_charSwitchState                             dataBANK2    0016F
_charchildLock                               dataBANK1    000E7
_clearAllPorts                               text46       0175D
_copyReceivedDataBuffer                      text7        009CF
_copy_parentalLockBuffer                     dataBANK3    001A0
_currentStateBuffer                          dataBANK5    002A0
_errorsISR                                   text48       01771
_errorsMain                                  text6        017B1
_hexadecimalToDecimal                        text16       00B86
_hexpowers                                   stringtext1  01800
_isdigit                                     text19       0172C
_isdigit$1350                                cstackBANK0  00020
_isr                                         intentry     00004
_levelofBlueLed_LSB                          dataBANK1    000EC
_levelofBlueLed_MSB                          dataBANK1    000ED
_levelofGreenLed_LSB                         dataBANK1    000E8
_levelofGreenLed_MSB                         dataBANK1    000E9
_levelofRedLed_LSB                           dataBANK1    000EA
_levelofRedLed_MSB                           dataBANK1    000EB
_main                                        maintext     00109
_mainDataReceived                            bssBANK2     0015A
_mainReceivedDataBuffer                      dataBANK3    001BD
_mainReceivedDataPosition                    bssBANK1     000D7
_parentalLockBuffer                          dataBANK4    0024E
_partCounter                                 bssBANK2     00136
_pinINIT_extra                               text45       01786
_printf                                      text12       00800
_putch                                       text14       007FE
_sendAcknowledgment                          text11       00852
_sendFinalBufferToGAteway                    bssBANK4     00220
_sprintf                                     text10       00816
_start_PWM_Generation_For_BlueLed            bssBANK2     0014E
_start_PWM_Generation_For_DIMMER             bssBANK2     00154
_start_PWM_Generation_For_GreenLed           bssBANK2     00150
_start_PWM_Generation_For_RedLed             bssBANK2     00152
_strchr                                      text4        017CA
_strcmp                                      text5        008BB
_strcspn                                     text3        0096F
_strlen                                      text17       00833
_strncpy                                     text9        00911
_strspn                                      text2        0099F
_strtok                                      text1        00AD6
_switchNumberBuffer                          bssBANK3     001E2
_switchstatusbuffer                          bssBANK2     00163
_tempReceivedDataBuffer                      dataBANK3    001AE
_token                                       bssBANK0     00068
applianceControl@CompleteClock               cstackBANK1  000AD
applianceControl@ConvertIntToTimeInMilisec   cstackBANK1  000C8
applianceControl@ConvertStringIntoInt        cstackBANK1  000A0
applianceControl@F3974                       dataBANK2    0016D
applianceControl@F3976                       dataBANK2    0016B
applianceControl@HexlevelBuffer              cstackBANK1  000A8
applianceControl@NeedPulse                   cstackBANK1  000BB
applianceControl@Pulse                       cstackBANK1  000B7
applianceControl@chDimmerSpeedLSB            cstackBANK0  0004F
applianceControl@chDimmerSpeedMSB            cstackBANK0  0004E
applianceControl@charFinalFrameState         cstackBANK0  00051
applianceControl@charParentalControl         cstackBANK0  00050
applianceControl@charSwitchLSB               cstackBANK0  0004C
applianceControl@charSwitchMSB               cstackBANK1  000C5
applianceControl@charSwitchSTATE             cstackBANK0  0004D
applianceControl@clockPerCycle               cstackBANK1  000B4
applianceControl@currentStateBufferPositions cstackBANK1  000D1
applianceControl@deno                        cstackBANK1  000B1
applianceControl@dimmerSpeedStringBuffer     cstackBANK1  000CD
applianceControl@end                         cstackBANK1  000A6
applianceControl@integerSpeed                cstackBANK1  000CB
applianceControl@integerSwitchNumber         cstackBANK1  000CF
applianceControl@integerSwitchState          cstackBANK1  000D3
applianceControl@remainder                   cstackBANK1  000A2
applianceControl@start                       cstackBANK1  000A4
applianceControl@strH                        cstackBANK1  000BF
applianceControl@strL                        cstackBANK1  000C2
applianceControl@switchNumberStringBuffer    cstackBANK1  000C6
atoi@a                                       cstackBANK0  0002B
atoi@s                                       cstackBANK0  0002D
atoi@sign                                    cstackBANK0  0002A
btemp                                        (abs)        0007E
clear_ram0                                   clrtext      01690
copyReceivedDataBuffer@dataBufferCounter     cstackBANK0  00021
end_of_initialization                        cinit        00105
errorsISR@errNum                             cstackCOMMON 00075
errorsMain@errNum                            cstackBANK0  00020
hexadecimalToDecimal@base                    cstackBANK0  0002E
hexadecimalToDecimal@dec_val                 cstackBANK0  0002C
hexadecimalToDecimal@hexVal                  cstackBANK0  00030
hexadecimalToDecimal@i                       cstackBANK0  00031
hexadecimalToDecimal@len                     cstackBANK0  0002A
init_ram                                     inittext     01696
int$flags                                    (abs)        0007E
intlevel0                                    functab      00000
intlevel1                                    functab      00000
intlevel2                                    functab      00000
intlevel3                                    functab      00000
intlevel4                                    functab      00000
intlevel5                                    functab      00000
isdigit@c                                    cstackBANK0  00021
main@dataBufferCounter                       cstackBANK3  001E5
main@j                                       cstackBANK3  001E7
main@k                                       cstackBANK3  001E9
main@k_1031                                  cstackBANK3  001EB
main@man                                     cstackBANK3  001ED
printf@ap                                    cstackBANK0  00039
printf@f                                     cstackBANK0  00036
printf@pb                                    cstackBANK0  0003A
putch@c                                      cstackBANK0  00020
reset_vec                                    reset_vec    00000
sendAcknowledgment@Tx_count                  cstackBANK0  00021
sendAcknowledgment@currentStateBuffer        cstackBANK0  00023
sprintf@ap                                   cstackBANK0  0003E
sprintf@f                                    cstackBANK0  00036
sprintf@pb                                   cstackBANK0  0003F
sprintf@wh                                   cstackBANK0  0003D
stackhi                                      (abs)        022EF
stacklo                                      (abs)        021CA
start                                        init         0009B
start_initialization                         cinit        0009D
strchr@chr                                   cstackBANK0  00022
strchr@ptr                                   cstackBANK0  00020
strcmp@r                                     cstackBANK0  00023
strcmp@s1                                    cstackBANK0  00024
[...]
      Totals:         0       0       0       0       0       0       0       0       0       0       0
Total ram usage:        0 bytes
 Hardware stack levels used:    1
 Hardware stack levels required when called:    2
 This function calls:
		Nothing
 This function is called by:
		_allPeripheralInit
 This function uses a non-reentrant model


 *************** function _CCP8_Initialize *****************
 Defined at:
		line 1221 in file "main.c"
 Parameters:    Size  Location     Type
		None
 Auto vars:     Size  Location     Type
		None
 Return value:  Size  Location     Type
                  1    wreg      void 
 Registers used:
		wreg, status,2
 Tracked objects:
		On entry : 
		On exit  : 
		Unchanged: 
 Data sizes:     COMMON   BANK0   BANK1   BANK2   BANK3   BANK4   BANK5   BANK6   BANK7   BANK8   BANK9
      Params:         0       0       0       0       0       0       0       0       0       0       0
      Locals:         0       0       0       0       0       0       0       0       0       0       0
      Temps:          0       0       0       0       0       0       0       0       0       0       0
      Totals:         0       0       0       0       0       0       0       0       0       0       0
Total ram usage:        0 bytes
 Hardware stack levels used:    1
 Hardware stack levels required when called:    2
 This function calls:
		Nothing
 This function is called by:
		_allPeripheralInit
 This function uses a non-reentrant model


 *************** function _CCP7_Initialize *****************
 Defined at:
		line 1200 in file "main.c"
 Parameters:    Size  Location     Type
		None
 Auto vars:     Size  Location     Type
		None
 Return value:  Size  Location     Type
                  1    wreg      void 
 Registers used:
		wreg, status,2
 Tracked objects:
		On entry : 
		On exit  : 
		Unchanged: 
 Data sizes:     COMMON   BANK0   BANK1   BANK2   BANK3   BANK4   BANK5   BANK6   BANK7   BANK8   BANK9
      Params:         0       0       0       0       0       0       0       0       0       0       0
      Locals:         0       0       0       0       0       0       0       0       0       0       0
      Temps:          0       0       0       0       0       0       0       0       0       0       0
      Totals:         0       0       0       0       0       0       0       0       0       0       0
Total ram usage:        0 bytes
 Hardware stack levels used:    1
 Hardware stack levels required when called:    2
 This function calls:
		Nothing
 This function is called by:
		_allPeripheralInit
 This function uses a non-reentrant model


 *************** function _CCP10_Initialize *****************
 Defined at:
		line 1179 in file "main.c"
 Parameters:    Size  Location     Type
		None
 Auto vars:     Size  Location     Type
		None
 Return value:  Size  Location     Type
                  1    wreg      void 
 Registers used:
		wreg, status,2
 Tracked objects:
		On entry : 
		On exit  : 
		Unchanged: 
 Data sizes:     COMMON   BANK0   BANK1   BANK2   BANK3   BANK4   BANK5   BANK6   BANK7   BANK8   BANK9
      Params:         0       0       0       0       0       0       0       0       0       0       0
      Locals:         0       0       0       0       0       0       0       0       0       0       0
      Temps:          0       0       0       0       0       0       0       0       0       0       0
      Totals:         0       0       0       0       0       0       0       0       0       0       0
Total ram usage:        0 bytes
 Hardware stack levels used:    1
 Hardware stack levels required when called:    2
 This function calls:
		Nothing
 This function is called by:
		_allPeripheralInit
 This function uses a non-reentrant model


 *************** function _TransmissionIndicationLedBlinking *****************
 Defined at:
		line 1263 in file "main.c"
 Parameters:    Size  Location     Type
		None
 Auto vars:     Size  Location     Type
		None
 Return value:  Size  Location     Type
                  1    wreg      void 
 Registers used:
		wreg
 Tracked objects:
		On entry : 
		On exit  : 
		Unchanged: 
 Data sizes:     COMMON   BANK0   BANK1   BANK2   BANK3   BANK4   BANK5   BANK6   BANK7   BANK8   BANK9
      Params:         0       0       0       0       0       0       0       0       0       0       0
      Locals:         0       0       0       0       0       0       0       0       0       0       0
      Temps:          0       2       0       0       0       0       0       0       0       0       0
      Totals:         0       2       0       0       0       0       0       0       0       0       0
Total ram usage:        2 bytes
 Hardware stack levels used:    1
 Hardware stack levels required when called:    2
 This function calls:
		Nothing
 This function is called by:
		_main
 This function uses a non-reentrant model


 *************** function _SwitchOnStatustToGatway *****************
 Defined at:
		line 1291 in file "main.c"
 Parameters:    Size  Location     Type
  SwitchOnNumb    2    0[BANK0 ] const int 
 Auto vars:     Size  Location     Type
		None
 Return value:  Size  Location     Type
                  1    wreg      void 
 Registers used:
		wreg, status,2, status,0
 Tracked objects:
		On entry : 
		On exit  : 
		Unchanged: 
 Data sizes:     COMMON   BANK0   BANK1   BANK2   BANK3   BANK4   BANK5   BANK6   BANK7   BANK8   BANK9
      Params:         0       2       0       0       0       0       0       0       0       0       0
      Locals:         0       0       0       0       0       0       0       0       0       0       0
      Temps:          0       1       0       0       0       0       0       0       0       0       0
      Totals:         0       3       0       0       0       0       0       0       0       0       0
Total ram usage:        3 bytes
 Hardware stack levels used:    1
 Hardware stack levels required when called:    2
 This function calls:
		Nothing
 This function is called by:
		_main
 This function uses a non-reentrant model


 *************** function _SwitchOffStatustToGatway *****************
 Defined at:
		line 1284 in file "main.c"
 Parameters:    Size  Location     Type
  SwitchOffNum    2    0[BANK0 ] const int 
 Auto vars:     Size  Location     Type
		None
 Return value:  Size  Location     Type
                  1    wreg      void 
 Registers used:
		wreg, status,2, status,0
 Tracked objects:
		On entry : 
		On exit  : 
		Unchanged: 
 Data sizes:     COMMON   BANK0   BANK1   BANK2   BANK3   BANK4   BANK5   BANK6   BANK7   BANK8   BANK9
      Params:         0       2       0       0       0       0       0       0       0       0       0
      Locals:         0       0       0       0       0       0       0       0       0       0       0
      Temps:          0       1       0       0       0       0       0       0       0       0       0
      Totals:         0       3       0       0       0       0       0       0       0       0       0
Total ram usage:        3 bytes
 Hardware stack levels used:    1
 Hardware stack levels required when called:    2
 This function calls:
		Nothing
 This function is called by:
		_main
 This function uses a non-reentrant model


 *************** function _ReceivingIndicationLedBlinking *****************
 Defined at:
		line 1268 in file "main.c"
 Parameters:    Size  Location     Type
		None
 Auto vars:     Size  Location     Type
		None
 Return value:  Size  Location     Type
                  1    wreg      void 
 Registers used:
		wreg
 Tracked objects:
		On entry : 
		On exit  : 
		Unchanged: 
 Data sizes:     COMMON   BANK0   BANK1   BANK2   BANK3   BANK4   BANK5   BANK6   BANK7   BANK8   BANK9
      Params:         0       0       0       0       0       0       0       0       0       0       0
      Locals:         0       0       0       0       0       0       0       0       0       0       0
      Temps:          0       2       0       0       0       0       0       0       0       0       0
      Totals:         0       2       0       0       0       0       0       0       0       0       0
Total ram usage:        2 bytes
 Hardware stack levels used:    1
 Hardware stack levels required when called:    2
 This function calls:
		Nothing
 This function is called by:
		_main
 This function uses a non-reentrant model


 *************** function _GPIO_pin_Initialize *****************
 Defined at:
		line 860 in file "main.c"
 Parameters:    Size  Location     Type
		None
 Auto vars:     Size  Location     Type
		None
 Return value:  Size  Location     Type
                  1    wreg      void 
 Registers used:
		status,2, status,0, pclath, cstack
 Tracked objects:
		On entry : 
		On exit  : 
		Unchanged: 
 Data sizes:     COMMON   BANK0   BANK1   BANK2   BANK3   BANK4   BANK5   BANK6   BANK7   BANK8   BANK9
      Params:         0       0       0       0       0       0       0       0       0       0       0
      Locals:         0       0       0       0       0       0       0       0       0       0       0
      Temps:          0       0       0       0       0       0       0       0       0       0       0
      Totals:         0       0       0       0       0       0       0       0       0       0       0
Total ram usage:        0 bytes
 Hardware stack levels used:    1
 Hardware stack levels required when called:    3
 This function calls:
		_clearAllPorts
		_pinINIT_extra
 This function is called by:
		_main
 This function uses a non-reentrant model


 *************** function _pinINIT_extra *****************
 Defined at:
		line 1323 in file "main.c"
 Parameters:    Size  Location     Type
		None
 Auto vars:     Size  Location     Type
		None
 Return value:  Size  Location     Type
                  1    wreg      void 
 Registers used:
		status,2
 Tracked objects:
		On entry : 
		On exit  : 
		Unchanged: 
 Data sizes:     COMMON   BANK0   BANK1   BANK2   BANK3   BANK4   BANK5   BANK6   BANK7   BANK8   BANK9
      Params:         0       0       0       0       0       0       0       0       0       0       0
      Locals:         0       0       0       0       0       0       0       0       0       0       0
      Temps:          0       0       0       0       0       0       0       0       0       0       0
      Totals:         0       0       0       0       0       0       0       0       0       0       0
Total ram usage:        0 bytes
 Hardware stack levels used:    1
 Hardware stack levels required when called:    2
 This function calls:
		Nothing
 This function is called by:
		_GPIO_pin_Initialize
 This function uses a non-reentrant model


 *************** function _clearAllPorts *****************
 Defined at:
		line 1340 in file "main.c"
 Parameters:    Size  Location     Type
		None
 Auto vars:     Size  Location     Type
		None
 Return value:  Size  Location     Type
                  1    wreg      void 
 Registers used:
		None
 Tracked objects:
		On entry : 
		On exit  : 
		Unchanged: 
 Data sizes:     COMMON   BANK0   BANK1   BANK2   BANK3   BANK4   BANK5   BANK6   BANK7   BANK8   BANK9
      Params:         0       0       0       0       0       0       0       0       0       0       0
      Locals:         0       0       0       0       0       0       0       0       0       0       0
      Temps:          0       0       0       0       0       0       0       0       0       0       0
      Totals:         0       0       0       0       0       0       0       0       0       0       0
Total ram usage:        0 bytes
 Hardware stack levels used:    1
 Hardware stack levels required when called:    2
 This function calls:
		Nothing
 This function is called by:
		_GPIO_pin_Initialize
 This function uses a non-reentrant model


 *************** function _isr *****************
 Defined at:
		line 315 in file "main.c"
 Parameters:    Size  Location     Type
		None
 Auto vars:     Size  Location     Type
		None
 Return value:  Size  Location     Type
                  1    wreg      void 
 Registers used:
		wreg, fsr0l, fsr0h, fsr1l, fsr1h, status,2, status,0, pclath, cstack
 Tracked objects:
		On entry : 
		On exit  : 
		Unchanged: 
 Data sizes:     COMMON   BANK0   BANK1   BANK2   BANK3   BANK4   BANK5   BANK6   BANK7   BANK8   BANK9
      Params:         0       0       0       0       0       0       0       0       0       0       0
      Locals:         0       0       0       0       0       0       0       0       0       0       0
      Temps:          2       0       0       0       0       0       0       0       0       0       0
      Totals:         2       0       0       0       0       0       0       0       0       0       0
Total ram usage:        2 bytes
 Hardware stack levels used:    1
 Hardware stack levels required when called:    1
 This function calls:
		_errorsISR
 This function is called by:
		Interrupt level 1
 This function uses a non-reentrant model


 *************** function _errorsISR *****************
 Defined at:
		line 1242 in file "main.c"
 Parameters:    Size  Location     Type
  errNum          2    0[COMMON] PTR const unsigned char 
		 -> STR_13(5), STR_12(5), 
 Auto vars:     Size  Location     Type
		None
 Return value:  Size  Location     Type
                  1    wreg      void 
 Registers used:
		wreg, fsr0l, fsr0h, status,2, status,0, pclath
 Tracked objects:
		On entry : 
		On exit  : 
		Unchanged: 
 Data sizes:     COMMON   BANK0   BANK1   BANK2   BANK3   BANK4   BANK5   BANK6   BANK7   BANK8   BANK9
      Params:         2       0       0       0       0       0       0       0       0       0       0
      Locals:         0       0       0       0       0       0       0       0       0       0       0
      Temps:          1       0       0       0       0       0       0       0       0       0       0
      Totals:         3       0       0       0       0       0       0       0       0       0       0
Total ram usage:        3 bytes
 Hardware stack levels used:    1
 This function calls:
		Nothing
 This function is called by:
		_isr
 This function uses a non-reentrant model



MODULE INFORMATION

Module		Function		Class		Link	Load	Size
C:\Program Files (x86)\Microchip\xc8\v1.45\sources\common\float.c
		___ftpack      		CODE           	0B21	0000	102

C:\Program Files (x86)\Microchip\xc8\v1.45\sources\common\float.c estimated size: 102

C:\Program Files (x86)\Microchip\xc8\v1.45\sources\common\doprnt.c
		__doprnt       		CODE           	05F9	0000	231

C:\Program Files (x86)\Microchip\xc8\v1.45\sources\common\doprnt.c estimated size: 231

C:\Program Files (x86)\Microchip\xc8\v1.45\sources\common\strspn.c
		_strspn        		CODE           	099F	0000	49

C:\Program Files (x86)\Microchip\xc8\v1.45\sources\common\strspn.c estimated size: 49

applicationcontrol.h
		_hexadecimalToDecimal		CODE           	0B86	0000	131
		_applianceControl		CODE           	0D38	0000	713

applicationcontrol.h estimated size: 844

C:\Program Files (x86)\Microchip\xc8\v1.45\sources\common\putch.c
		_putch         		CODE           	07FE	0000	2

C:\Program Files (x86)\Microchip\xc8\v1.45\sources\common\putch.c estimated size: 2

C:\Program Files (x86)\Microchip\xc8\v1.45\sources\common\Umul16.c
		___wmul        		CODE           	17E4	0000	29

C:\Program Files (x86)\Microchip\xc8\v1.45\sources\common\Umul16.c estimated size: 29

C:\Program Files (x86)\Microchip\xc8\v1.45\sources\common\strcspn.c
		_strcspn       		CODE           	096F	0000	49

C:\Program Files (x86)\Microchip\xc8\v1.45\sources\common\strcspn.c estimated size: 49

C:\Program Files (x86)\Microchip\xc8\v1.45\sources\common\isdigit.c
		_isdigit       		CODE           	172C	0000	16

C:\Program Files (x86)\Microchip\xc8\v1.45\sources\common\isdigit.c estimated size: 16

C:\Program Files (x86)\Microchip\xc8\v1.45\sources\common\ftmul.c
		___ftmul       		CODE           	06DF	0000	181

C:\Program Files (x86)\Microchip\xc8\v1.45\sources\common\ftmul.c estimated size: 181

C:\Program Files (x86)\Microchip\xc8\v1.45\sources\common\ftdiv.c
		___ftdiv       		CODE           	0C8F	0000	170

C:\Program Files (x86)\Microchip\xc8\v1.45\sources\common\ftdiv.c estimated size: 170

C:\Program Files (x86)\Microchip\xc8\v1.45\sources\common\sprintf.c
		_sprintf       		CODE           	0816	0000	30

C:\Program Files (x86)\Microchip\xc8\v1.45\sources\common\sprintf.c estimated size: 30

C:\Program Files (x86)\Microchip\xc8\v1.45\sources\common\atoi.c
		_atoi          		CODE           	0793	0000	108

C:\Program Files (x86)\Microchip\xc8\v1.45\sources\common\atoi.c estimated size: 108

C:\Program Files (x86)\Microchip\xc8\v1.45\sources\common\strtok.c
		_strtok        		CODE           	0AD6	0000	76

C:\Program Files (x86)\Microchip\xc8\v1.45\sources\common\strtok.c estimated size: 76

C:\Program Files (x86)\Microchip\xc8\v1.45\sources\common\printf.c
		_printf        		CODE           	0800	0000	23

C:\Program Files (x86)\Microchip\xc8\v1.45\sources\common\printf.c estimated size: 23

shared
		__initialization		CODE           	009D	0000	105
		_hexpowers     		STRCODE        	1800	0000	9

shared estimated size: 114

C:\Program Files (x86)\Microchip\xc8\v1.45\sources\common\fttol.c
		___fttol       		CODE           	0C08	0000	136

C:\Program Files (x86)\Microchip\xc8\v1.45\sources\common\fttol.c estimated size: 136

C:\Program Files (x86)\Microchip\xc8\v1.45\sources\common\awtoft.c
		___awtoft      		CODE           	0872	0000	35

C:\Program Files (x86)\Microchip\xc8\v1.45\sources\common\awtoft.c estimated size: 35

C:\Program Files (x86)\Microchip\xc8\v1.45\sources\common\lwdiv.c
		___lwdiv       		CODE           	0A67	0000	54

C:\Program Files (x86)\Microchip\xc8\v1.45\sources\common\lwdiv.c estimated size: 54

main.c
		_TMR1_Initialize		CODE           	16FC	0000	12
		_CCP7_Initialize		CODE           	16CA	0000	11
		_allPeripheralInit		CODE           	0894	0000	40
		_TMR2_Initialize		CODE           	16E8	0000	11
		_SwitchOnStatustToGatway		CODE           	0A34	0000	52
		_CCP8_Initialize		CODE           	16D4	0000	11
		_CCP10_Initialize		CODE           	16C0	0000	11
		_errorsMain    		CODE           	17B1	0000	26
		_TMR3_Initialize		CODE           	1712	0000	13
		_CCP9_Initialize		CODE           	16DE	0000	11
		_main          		CODE           	0109	0000	1265
		_TransmissionIndicationLedBlinking		CODE           	174C	0000	18
		_TMR4_Initialize		CODE           	1707	0000	12
		_ReceivingIndicationLedBlinking		CODE           	173B	0000	18
		_TMR5_Initialize		CODE           	16F2	0000	11
		_sendAcknowledgment		CODE           	0852	0000	33
		_errorsISR     		CODE           	1771	0000	22
		_EUSART_Initialize		CODE           	179B	0000	23
		_TMR6_Initialize		CODE           	16A5	0000	10
		_clearAllPorts 		CODE           	175D	0000	21
		_isr           		CODE           	0004	0000	152
		_TMR8_Initialize		CODE           	16AE	0000	10
		_TMR10_Initialize		CODE           	169C	0000	10
		_SwitchOffStatustToGatway		CODE           	0A01	0000	52
		_copyReceivedDataBuffer		CODE           	09CF	0000	51
		_GPIO_pin_Initialize		CODE           	08E5	0000	45
		_pinINIT_extra 		CODE           	1786	0000	22

main.c estimated size: 1973

C:\Program Files (x86)\Microchip\xc8\v1.45\sources\common\strlen.c
		_strlen        		CODE           	0833	0000	32

C:\Program Files (x86)\Microchip\xc8\v1.45\sources\common\strlen.c estimated size: 32

C:\Program Files (x86)\Microchip\xc8\v1.45\sources\common\strcmp.c
		_strcmp        		CODE           	08BB	0000	43

C:\Program Files (x86)\Microchip\xc8\v1.45\sources\common\strcmp.c estimated size: 43

C:\Program Files (x86)\Microchip\xc8\v1.45\sources\common\strchr.c
		_strchr        		CODE           	17CA	0000	27

C:\Program Files (x86)\Microchip\xc8\v1.45\sources\common\strchr.c estimated size: 27

C:\Program Files (x86)\Microchip\xc8\v1.45\sources\common\strncpy.c
		_strncpy       		CODE           	0911	0000	48

C:\Program Files (x86)\Microchip\xc8\v1.45\sources\common\strncpy.c estimated size: 48

