Microchip MPLAB XC8 Compiler V1.45 ()

Linker command line:

-W-3 --edf=C:\Program Files (x86)\Microchip\xc8\v1.45\dat\en_msgs.txt -cs \
  -h+dist/default/production\swdimmer.X.production.sym \
  --cmf=dist/default/production\swdimmer.X.production.cmf -z -Q16F1526 \
  -oC:\Users\Alfaone\AppData\Local\Temp\s7qo.2 \
  -Mdist/default/production/swdimmer.X.production.map -E1 -ver=XC8 \
  -ASTACK=02132h-022efh -pstack=STACK -ACODE=00h-07FFhx4 \
  -ASTRCODE=00h-01FFFh -ASTRING=00h-0FFhx32 -ACONST=00h-0FFhx32 \
  -AENTRY=00h-0FFhx32 -ACOMMON=070h-07Fh -ABANK0=020h-06Fh \
  -ABANK1=0A0h-0EFh -ABANK2=0120h-016Fh -ABANK3=01A0h-01EFh \
  -ABANK4=0220h-026Fh -ABANK5=02A0h-02EFh -ABANK6=0320h-036Fh \
  -ABANK7=03A0h-03EFh -ABANK8=0420h-046Fh -ABANK9=04A0h-04BFh \
  -ABIGRAM=02000h-022EFh \
  -ARAM=020h-06Fh,0A0h-0EFh,0120h-016Fh,01A0h-01EFh,0220h-026Fh,02A0h-02EFh,0320h-036Fh,03A0h-03EFh,0420h-046Fh,04A0h-04BFh \
  -AABS1=020h-07Fh,0A0h-0EFh,0120h-016Fh,01A0h-01EFh,0220h-026Fh,02A0h-02EFh,0320h-036Fh,03A0h-03EFh,0420h-046Fh,04A0h-04BFh \
  -ASFR0=00h-01Fh -ASFR1=080h-09Fh -ASFR2=0100h-011Fh -ASFR3=0180h-019Fh \
  -ASFR4=0200h-021Fh -ASFR5=0280h-029Fh -ASFR6=0300h-031Fh \
  -ASFR7=0380h-039Fh -ASFR8=0400h-041Fh -ASFR9=0480h-049Fh \
  -ASFR10=0500h-056Fh -ASFR11=0580h-05EFh -ASFR12=0600h-066Fh \
  -ASFR13=0680h-06EFh -ASFR14=0700h-076Fh -ASFR15=0780h-07EFh \
  -ASFR16=0800h-086Fh -ASFR17=0880h-08EFh -ASFR18=0900h-096Fh \
  -ASFR19=0980h-09EFh -ASFR20=0A00h-0A6Fh -ASFR21=0A80h-0AEFh \
  -ASFR22=0B00h-0B6Fh -ASFR23=0B80h-0BEFh -ASFR24=0C00h-0C6Fh \
  -ASFR25=0C80h-0CEFh -ASFR26=0D00h-0D6Fh -ASFR27=0D80h-0DEFh \
  -ASFR28=0E00h-0E6Fh -ASFR29=0E80h-0EEFh -ASFR30=0F00h-0F6Fh \
  -ASFR31=0F80h-0FEFh -preset_vec=00h,intentry=04h,init,end_init \
  -ppowerup=CODE -pcinit=CODE -pfunctab=ENTRY -ACONFIG=08007h-08008h \
  -pconfig=CONFIG -DCONFIG=2 -AIDLOC=08000h-08003h -pidloc=IDLOC -DIDLOC=2 \
  -DCODE=2 -DSTRCODE=2 -DSTRING=2 -DCONST=2 -DENTRY=2 -k \
  C:\Users\Alfaone\AppData\Local\Temp\s7qo.obj \
  dist/default/production\swdimmer.X.production.obj 

Object code version is 3.11

Machine type is 16F1526



                Name                               Link     Load   Length Selector   Space Scale
C:\Users\Alfaone\AppData\Local\Temp\s7qo.obj
                end_init                             C8       C8        2        8       0
                reset_vec                             0        0        2        0       0
                config                             8007     8007        2    1000E       0
dist/default/production\swdimmer.X.production.obj
                cinit                                CA       CA       3B        8       0
                intentry                              4        4       C4        8       0
                text33                              B1D      B1D       15     163A       0
                text31                              AEE      AEE        F     15DC       0
                text30                              B32      B32       15     1664       0
                text29                              C0D      C0D       27     181A       0
                text28                              B0C      B0C       11     1618       0
                text27                              CC7      CC7       35     198E       0
                swtext2                             810      810       10     1000       0
                text26                              53A      53A      112        8       0
                text25                              AC5      AC5        A     158A       0
                text24                              ACF      ACF        A     159E       0
                text23                              B47      B47       16     168E       0
                text22                              B5D      B5D       16     16BA       0
                text21                              AE3      AE3        B     15C6       0
                text20                              AD9      AD9        A     15B2       0
                text19                              7ED      7ED       12        8       0
                text18                              D81      D81       65     1B02       0
                text17                              BC6      BC6       22     178C       0
                text16                              F57      F57       A9     1EAE       0
                text15                              64C      64C       B4        8       0
                text14                              ED0      ED0       87     1DA0       0
                text13                              B8C      B8C       1C     1718       0
                text12                              AFD      AFD        F     15FA       0
                text11                              DE6      DE6       6B     1BCC       0
                text10                              BE8      BE8       25     17D0       0
                text9                               E51      E51       7F     1CA2       0
                text8                               BA8      BA8       1E     1750       0
                text7                               CFC      CFC       35     19F8       0
                text6                               700      700       B3        8       0
                text5                               C34      C34       2F     1868       0
                swtext1                             800      800       10     1000       0
                text4                               105      105      30B        8       0
                text3                               C63      C63       32     18C6       0
                text2                               C95      C95       32     192A       0
                text1                               B73      B73       19     16E6       0
                maintext                            410      410      12A        8       0
                cstackBANK0                          20       20       40       20       1
                cstackCOMMON                         70       70        5       70       1
                cstackBANK1                          A0       A0       35       A0       1
                cstackBANK3                         1DA      1DA        8      1A0       1
                clrtext                             AB9      AB9        6     1572       0
                inittext                            ABF      ABF        6     157E       0
                dataBANK3                           1A0      1A0       3A      1A0       1
                dataBANK2                           120      120       50      120       1
                dataBANK1                            E5       E5        4       A0       1
                bssBANK1                             D5       D5       10       A0       1
                bssBANK0                             60       60        C       20       1
                bssCOMMON                            75       75        4       70       1
                stringtext9                        103B     103B        2     2000       0
                stringtext8                        1038     1038        3     2000       0
                stringtext7                        1033     1033        5     2000       0
                stringtext6                        102E     102E        5     2000       0
                stringtext5                        1029     1029        5     2000       0
                stringtext4                        1024     1024        5     2000       0
                stringtext3                        101F     101F        5     2000       0
                stringtext2                        1019     1019        6     2000       0
                stringtext1                        1000     1000       19     2000       0
                idataBANK3                          7B3      7B3       3A        8       0
                idataBANK2                          D31      D31       50     1A62       0
                idataBANK1                          AB5      AB5        4     156A       0

TOTAL           Name                               Link     Load   Length     Space
        CLASS   STACK          

        CLASS   CODE           
                end_init                             C8       C8        2         0
                cinit                                CA       CA       3B         0
                intentry                              4        4       C4         0
                reset_vec                             0        0        2         0
                text33                              B1D      B1D       15         0
                text31                              AEE      AEE        F         0
                text30                              B32      B32       15         0
                text29                              C0D      C0D       27         0
                text28                              B0C      B0C       11         0
                text27                              CC7      CC7       35         0
                text26                              53A      53A      112         0
                text25                              AC5      AC5        A         0
                text24                              ACF      ACF        A         0
                text23                              B47      B47       16         0
                text22                              B5D      B5D       16         0
                text21                              AE3      AE3        B         0
                text20                              AD9      AD9        A         0
                text19                              7ED      7ED       12         0
                text18                              D81      D81       65         0
                text17                              BC6      BC6       22         0
                text16                              F57      F57       A9         0
                text15                              64C      64C       B4         0
                text14                              ED0      ED0       87         0
                text13                              B8C      B8C       1C         0
                text12                              AFD      AFD        F         0
                text11                              DE6      DE6       6B         0
                text10                              BE8      BE8       25         0
                text9                               E51      E51       7F         0
                text8                               BA8      BA8       1E         0
                text7                               CFC      CFC       35         0
                text6                               700      700       B3         0
                text5                               C34      C34       2F         0
                text4                               105      105      30B         0
                text3                               C63      C63       32         0
                text2                               C95      C95       32         0
                text1                               B73      B73       19         0
                maintext                            410      410      12A         0
                clrtext                             AB9      AB9        6         0
                inittext                            ABF      ABF        6         0
                idataBANK3                          7B3      7B3       3A         0
                idataBANK2                          D31      D31       50         0
                idataBANK1                          AB5      AB5        4         0

        CLASS   STRCODE        
                stringtext9                        103B     103B        2         0
                stringtext8                        1038     1038        3         0
                stringtext7                        1033     1033        5         0
                stringtext6                        102E     102E        5         0
                stringtext5                        1029     1029        5         0
                stringtext4                        1024     1024        5         0
                stringtext3                        101F     101F        5         0
                stringtext2                        1019     1019        6         0
                stringtext1                        1000     1000       19         0

        CLASS   STRING         

        CLASS   CONST          
                swtext2                             810      810       10         0
                swtext1                             800      800       10         0

        CLASS   ENTRY          

        CLASS   COMMON         
                cstackCOMMON                         70       70        5         1
                bssCOMMON                            75       75        4         1

        CLASS   BANK0          
                cstackBANK0                          20       20       40         1
                bssBANK0                             60       60        C         1

        CLASS   BANK1          
                cstackBANK1                          A0       A0       35         1
                dataBANK1                            E5       E5        4         1
                bssBANK1                             D5       D5       10         1

        CLASS   BANK2          
                dataBANK2                           120      120       50         1

        CLASS   BANK3          
                cstackBANK3                         1DA      1DA        8         1
                dataBANK3                           1A0      1A0       3A         1

        CLASS   BANK4          

        CLASS   BANK5          

        CLASS   BANK6          

        CLASS   BANK7          

        CLASS   BANK8          

        CLASS   BANK9          

        CLASS   BIGRAM         

        CLASS   RAM            

        CLASS   ABS1           
                abs_s1                               7E       7E        2         1

        CLASS   SFR0           

        CLASS   SFR1           

        CLASS   SFR2           

        CLASS   SFR3           

        CLASS   SFR4           

        CLASS   SFR5           

        CLASS   SFR6           

        CLASS   SFR7           

        CLASS   SFR8           

        CLASS   SFR9           

        CLASS   SFR10          

        CLASS   SFR11          

        CLASS   SFR12          

        CLASS   SFR13          

        CLASS   SFR14          

        CLASS   SFR15          

        CLASS   SFR16          

        CLASS   SFR17          

        CLASS   SFR18          

        CLASS   SFR19          

        CLASS   SFR20          

        CLASS   SFR21          

        CLASS   SFR22          

        CLASS   SFR23          

        CLASS   SFR24          

        CLASS   SFR25          

        CLASS   SFR26          

        CLASS   SFR27          

        CLASS   SFR28          

        CLASS   SFR29          

        CLASS   SFR30          

        CLASS   SFR31          

        CLASS   CONFIG         
                config                             8007     8007        2         0

        CLASS   IDLOC          

        CLASS   BANK31         

        CLASS   BANK30         

        CLASS   BANK29         

        CLASS   BANK28         

        CLASS   BANK27         

        CLASS   BANK26         

        CLASS   BANK25         

        CLASS   BANK24         

        CLASS   BANK23         

        CLASS   BANK22         

        CLASS   BANK21         

        CLASS   BANK20         

        CLASS   BANK19         

        CLASS   BANK18         

        CLASS   BANK17         

        CLASS   BANK16         

        CLASS   BANK15         

        CLASS   BANK14         

        CLASS   BANK13         

        CLASS   BANK12         

        CLASS   BANK11         

        CLASS   BANK10         

        CLASS   EEDATA         



SEGMENTS        Name                           Load    Length   Top    Selector   Space  Class     Delta

                reset_vec                      000000  000002  000002         0       0  CODE        2
                intentry                       000004  0007FB  0007FF         8       0  CODE        2
                cstackBANK0                    000020  00004C  00006C        20       1  BANK0       1
                cstackCOMMON                   000070  000009  000079        70       1  COMMON      1
                cstackBANK1                    0000A0  000049  0000E9        A0       1  BANK1       1
                dataBANK2                      000120  000050  000170       120       1  BANK2       1
                dataBANK3                      0001A0  000042  0001E2       1A0       1  BANK3       1
                swtext1                        000800  000020  000820      1000       0  CONST       2
                idataBANK1                     000AB5  000004  000AB9      156A       0  CODE        2
                clrtext                        000AB9  000006  000ABF      1572       0  CODE        2
                inittext                       000ABF  000006  000AC5      157E       0  CODE        2
                text25                         000AC5  00000A  000ACF      158A       0  CODE        2
                text24                         000ACF  00000A  000AD9      159E       0  CODE        2
                text20                         000AD9  00000A  000AE3      15B2       0  CODE        2
                text21                         000AE3  00000B  000AEE      15C6       0  CODE        2
                text31                         000AEE  00000F  000AFD      15DC       0  CODE        2
                text12                         000AFD  00000F  000B0C      15FA       0  CODE        2
                text28                         000B0C  000011  000B1D      1618       0  CODE        2
                text33                         000B1D  000015  000B32      163A       0  CODE        2
                text30                         000B32  000015  000B47      1664       0  CODE        2
                text23                         000B47  000016  000B5D      168E       0  CODE        2
                text22                         000B5D  000016  000B73      16BA       0  CODE        2
                text1                          000B73  000019  000B8C      16E6       0  CODE        2
                text13                         000B8C  00001C  000BA8      1718       0  CODE        2
                text8                          000BA8  00001E  000BC6      1750       0  CODE        2
                text17                         000BC6  000022  000BE8      178C       0  CODE        2
                text10                         000BE8  000025  000C0D      17D0       0  CODE        2
                text29                         000C0D  000027  000C34      181A       0  CODE        2
                text5                          000C34  00002F  000C63      1868       0  CODE        2
                text3                          000C63  000032  000C95      18C6       0  CODE        2
                text2                          000C95  000032  000CC7      192A       0  CODE        2
                text27                         000CC7  000035  000CFC      198E       0  CODE        2
                text7                          000CFC  000035  000D31      19F8       0  CODE        2
                idataBANK2                     000D31  000050  000D81      1A62       0  CODE        2
                text18                         000D81  000065  000DE6      1B02       0  CODE        2
                text11                         000DE6  00006B  000E51      1BCC       0  CODE        2
                text9                          000E51  00007F  000ED0      1CA2       0  CODE        2
                text14                         000ED0  000087  000F57      1DA0       0  CODE        2
                text16                         000F57  0000A9  001000      1EAE       0  CODE        2
                stringtext1                    001000  00003D  00103D      2000       0  STRCODE     2
                config                         008007  000002  008009     1000E       0  CONFIG      2


UNUSED ADDRESS RANGES

        Name                Unused          Largest block    Delta
        BANK0            0006C-0006F               4           1
        BANK1            000E9-000EF               7           1
        BANK3            001E2-001EF               E           1
        BANK4            00220-0026F              50           1
        BANK5            002A0-002EF              50           1
        BANK6            00320-0036F              50           1
        BANK7            003A0-003EF              50           1
        BANK8            00420-0046F              50           1
        BANK9            004A0-004BF              20           1
        BIGRAM           02000-022EF             2F0           1
        CODE             00002-00003               2           2
                         007FF-007FF               1
                         00820-00AB4             295
                         0103D-01FFF             7C3
        COMMON           00079-0007D               5           1
        CONST            00002-00003               2           2
                         007FF-007FF               1
                         00820-00AB4             100
                         0103D-01FFF             100
        ENTRY            00002-00003               2           2
                         007FF-007FF               1
                         00820-00AB4             100
                         0103D-01FFF             100
        IDLOC            08000-08003               4           2
        RAM              0006C-0006F               4           1
                         000E9-000EF               7
                         001E2-001EF               E
                         00220-0026F              50
                         002A0-002EF              50
                         00320-0036F              50
                         003A0-003EF              50
                         00420-0046F              50
                         004A0-004BF              20
        SFR0             00000-0001F              20           1
        SFR1             00080-0009F              20           1
        SFR10            00500-0056F              70           1
        SFR11            00580-005EF              70           1
        SFR12            00600-0066F              70           1
        SFR13            00680-006EF              70           1
        SFR14            00700-0076F              70           1
        SFR15            00780-007EF              70           1
        SFR16            00800-0086F              70           1
        SFR17            00880-008EF              70           1
        SFR18            00900-0096F              70           1
        SFR19            00980-009EF              70           1
        SFR2             00100-0011F              20           1
        SFR20            00A00-00A6F              70           1
        SFR21            00A80-00AEF              70           1
        SFR22            00B00-00B6F              70           1
        SFR23            00B80-00BEF              70           1
        SFR24            00C00-00C6F              70           1
        SFR25            00C80-00CEF              70           1
        SFR26            00D00-00D6F              70           1
        SFR27            00D80-00DEF              70           1
        SFR28            00E00-00E6F              70           1
        SFR29            00E80-00EEF              70           1
        SFR3             00180-0019F              20           1
        SFR30            00F00-00F6F              70           1
        SFR31            00F80-00FEF              70           1
        SFR4             00200-0021F              20           1
        SFR5             00280-0029F              20           1
        SFR6             00300-0031F              20           1
        SFR7             00380-0039F              20           1
        SFR8             00400-0041F              20           1
        SFR9             00480-0049F              20           1
        STACK            02132-022EF             1BE           1
        STRCODE          00002-00003               2           2
                         007FF-007FF               1
                         00820-00AB4             295
                         0103D-01FFF             FC3
        STRING           00002-00003               2           2
                         007FF-007FF               1
                         00820-00AB4             100
                         0103D-01FFF             100

                                  Symbol Table

?___awtoft                                        cstackBANK0  00028
?___ftdiv                                         cstackBANK0  0002E
?___ftmul                                         cstackBANK0  00028
?___ftpack                                        cstackBANK0  00020
?___fttol                                         cstackBANK0  0003E
?___lwdiv                                         cstackBANK0  00020
?___wmul                                          cstackBANK0  00020
?_atoi                                            cstackBANK0  00026
?_hexadecimalToDecimal                            cstackBANK0  00028
?_sprintf                                         cstackBANK0  00028
?_strlen                                          cstackBANK0  00020
_ANSELA                                           (abs)        0018C
_ANSELB                                           (abs)        0018D
_ANSELD                                           (abs)        0018F
_ANSELE                                           (abs)        00190
_ANSELF                                           (abs)        0040C
_ANSELG                                           (abs)        0040D
_BAUD1CON                                         (abs)        0019F
_BAUD2CON                                         (abs)        00497
_CCP10CON                                         (abs)        0061F
_CCP10IF                                          (abs)        000A7
_CCP10_Initialize                                 text25       00AC5
_CCP8_Initialize                                  text24       00ACF
_CCP9CON                                          (abs)        0061C
_CCPR10H                                          (abs)        0061E
_CCPR10L                                          (abs)        0061D
_CCPR8H                                           (abs)        00618
_CCPR8L                                           (abs)        00617
_EUSART2_Initialize                               text23       00B47
_EUSART_Initialize                                text22       00B5D
_GIE                                              (abs)        0005F
_GPIO_pin_Initialize                              text29       00C0D
_M1                                               bssBANK0     00064
_M2                                               bssBANK0     00062
_M3                                               bssBANK0     00060
_M4                                               bssBANK1     000E3
_M5                                               bssBANK1     000E1
_M6                                               bssBANK1     000DF
_M7                                               bssBANK1     000DD
_M8                                               bssBANK1     000DB
_PEIE                                             (abs)        0005E
_PIE1bits                                         (abs)        00091
_PIE4bits                                         (abs)        00094
_PIR1bits                                         (abs)        00011
_PIR4bits                                         (abs)        00014
_PORTEbits                                        (abs)        00010
_PORTFbits                                        (abs)        0028C
_PORTGbits                                        (abs)        0028D
_PR2                                              (abs)        0001B
_RC1IF                                            (abs)        0008D
_RC1REG                                           (abs)        00199
_RC1STA                                           (abs)        0019D
_RC1STAbits                                       (abs)        0019D
_RC2IF                                            (abs)        000A5
_RC2REG                                           (abs)        00491
_RC2STA                                           (abs)        00495
_RC2STAbits                                       (abs)        00495
_ReceivingIndicationLedBlinking                   text28       00B0C
_SP1BRGH                                          (abs)        0019C
_SP1BRGL                                          (abs)        0019B
_SP2BRGH                                          (abs)        00494
_SP2BRGL                                          (abs)        00493
_T1CON                                            (abs)        00018
_T1CONbits                                        (abs)        00018
_T1GCON                                           (abs)        00019
_T2CON                                            (abs)        0001C
_T2CONbits                                        (abs)        0001C
_TMR1H                                            (abs)        00017
_TMR1L                                            (abs)        00016
_TMR1_Initialize                                  text21       00AE3
_TMR2                                             (abs)        0001A
_TMR2_Initialize                                  text20       00AD9
_TRISBbits                                        (abs)        0008D
_TRISCbits                                        (abs)        0008E
_TRISDbits                                        (abs)        0008F
_TRISEbits                                        (abs)        00090
_TRISFbits                                        (abs)        0030C
_TRISGbits                                        (abs)        0030D
_TX1REG                                           (abs)        0019A
_TX1STA                                           (abs)        0019E
_TX1STAbits                                       (abs)        0019E
_TX2REG                                           (abs)        00492
_TX2STA                                           (abs)        00496
_TX2STAbits                                       (abs)        00496
_Timer1H                                          bssBANK1     000D9
_Timer1L                                          bssBANK1     000D7
_WPUB                                             (abs)        0020D
_WPUD                                             (abs)        0020F
_WPUE                                             (abs)        00210
_WPUG                                             (abs)        0048D
__CFG_BOREN$OFF                                   (abs)        00000
__CFG_BORV$LO                                     (abs)        00000
__CFG_CLKOUTEN$OFF                                (abs)        00000
__CFG_CP$OFF                                      (abs)        00000
__CFG_FCMEN$OFF                                   (abs)        00000
__CFG_FOSC$HS                                     (abs)        00000
__CFG_IESO$OFF                                    (abs)        00000
__CFG_LPBOR$OFF                                   (abs)        00000
__CFG_LVP$OFF                                     (abs)        00000
__CFG_MCLRE$OFF                                   (abs)        00000
__CFG_PWRTE$OFF                                   (abs)        00000
__CFG_STVREN$OFF                                  (abs)        00000
__CFG_VCAPEN$OFF                                  (abs)        00000
__CFG_WDTE$OFF                                    (abs)        00000
__CFG_WRT$OFF                                     (abs)        00000
__Habs1                                           abs1         00000
__Hbank0                                          bank0        00000
__Hbank1                                          bank1        00000
__Hbank10                                         bank10       00000
__Hbank11                                         bank11       00000
__Hbank12                                         bank12       00000
__Hbank13                                         bank13       00000
__Hbank14                                         bank14       00000
__Hbank15                                         bank15       00000
__Hbank16                                         bank16       00000
__Hbank17                                         bank17       00000
__Hbank18                                         bank18       00000
__Hbank19                                         bank19       00000
__Hbank2                                          bank2        00000
__Hbank20                                         bank20       00000
__Hbank21                                         bank21       00000
__Hbank22                                         bank22       00000
__Hbank23                                         bank23       00000
__Hbank24                                         bank24       00000
__Hbank25                                         bank25       00000
__Hbank26                                         bank26       00000
__Hbank27                                         bank27       00000
__Hbank28                                         bank28       00000
__Hbank29                                         bank29       00000
__Hbank3                                          bank3        00000
__Hbank30                                         bank30       00000
__Hbank31                                         bank31       00000
__Hbank4                                          bank4        00000
__Hbank5                                          bank5        00000
__Hbank6                                          bank6        00000
__Hbank7                                          bank7        00000
__Hbank8                                          bank8        00000
__Hbank9                                          bank9        00000
__Hbigram                                         bigram       00000
__HbssBANK0                                       bssBANK0     00000
__HbssBANK1                                       bssBANK1     00000
__HbssCOMMON                                      bssCOMMON    00000
__Hcinit                                          cinit        00105
__Hclrtext                                        clrtext      00000
__Hcode                                           code         00000
__Hcommon                                         common       00000
__Hconfig                                         config       08009
__HcstackBANK0                                    cstackBANK0  00000
__HcstackBANK1                                    cstackBANK1  00000
__HcstackBANK3                                    cstackBANK3  00000
__HcstackCOMMON                                   cstackCOMMON 00000
__HdataBANK1                                      dataBANK1    00000
__HdataBANK2                                      dataBANK2    00000
__HdataBANK3                                      dataBANK3    00000
__Heeprom_data                                    eeprom_data  00000
__Hend_init                                       end_init     000CA
__Hfunctab                                        functab      00000
__HidataBANK1                                     idataBANK1   00000
__HidataBANK2                                     idataBANK2   00000
__HidataBANK3                                     idataBANK3   00000
__Hidloc                                          idloc        00000
__Hinit                                           init         000C8
__Hinittext                                       inittext     00000
__Hintentry                                       intentry     000C8
__Hmaintext                                       maintext     00000
__Hpowerup                                        powerup      00000
__Hram                                            ram          00000
__Hreset_vec                                      reset_vec    00002
__Hsfr0                                           sfr0         00000
__Hsfr1                                           sfr1         00000
__Hsfr10                                          sfr10        00000
__Hsfr11                                          sfr11        00000
__Hsfr12                                          sfr12        00000
__Hsfr13                                          sfr13        00000
__Hsfr14                                          sfr14        00000
__Hsfr15                                          sfr15        00000
__Hsfr16                                          sfr16        00000
__Hsfr17                                          sfr17        00000
__Hsfr18                                          sfr18        00000
__Hsfr19                                          sfr19        00000
__Hsfr2                                           sfr2         00000
__Hsfr20                                          sfr20        00000
__Hsfr21                                          sfr21        00000
__Hsfr22                                          sfr22        00000
__Hsfr23                                          sfr23        00000
__Hsfr24                                          sfr24        00000
__Hsfr25                                          sfr25        00000
__Hsfr26                                          sfr26        00000
__Hsfr27                                          sfr27        00000
__Hsfr28                                          sfr28        00000
__Hsfr29                                          sfr29        00000
__Hsfr3                                           sfr3         00000
__Hsfr30                                          sfr30        00000
__Hsfr31                                          sfr31        00000
__Hsfr4                                           sfr4         00000
__Hsfr5                                           sfr5         00000
__Hsfr6                                           sfr6         00000
__Hsfr7                                           sfr7         00000
__Hsfr8                                           sfr8         00000
__Hsfr9                                           sfr9         00000
__Hspace_0                                        (abs)        08009
__Hspace_1                                        (abs)        001E2
__Hspace_2                                        (abs)        00000
__Hspace_3                                        (abs)        00000
__Hstack                                          stack        00000
__Hstrings                                        strings      00000
__Hstringtext1                                    stringtext1  00000
__Hstringtext10                                   stringtext10 00000
__Hstringtext2                                    stringtext2  00000
__Hstringtext3                                    stringtext3  00000
__Hstringtext4                                    stringtext4  00000
__Hstringtext5                                    stringtext5  00000
__Hstringtext6                                    stringtext6  00000
__Hstringtext7                                    stringtext7  00000
__Hstringtext8                                    stringtext8  00000
__Hstringtext9                                    stringtext9  00000
__Htext                                           text         00000
__Labs1                                           abs1         00000
__Lbank0                                          bank0        00000
__Lbank1                                          bank1        00000
__Lbank10                                         bank10       00000
__Lbank11                                         bank11       00000
__Lbank12                                         bank12       00000
__Lbank13                                         bank13       00000
__Lbank14                                         bank14       00000
__Lbank15                                         bank15       00000
__Lbank16                                         bank16       00000
__Lbank17                                         bank17       00000
__Lbank18                                         bank18       00000
__Lbank19                                         bank19       00000
__Lbank2                                          bank2        00000
__Lbank20                                         bank20       00000
__Lbank21                                         bank21       00000
__Lbank22                                         bank22       00000
__Lbank23                                         bank23       00000
__Lbank24                                         bank24       00000
__Lbank25                                         bank25       00000
__Lbank26                                         bank26       00000
__Lbank27                                         bank27       00000
__Lbank28                                         bank28       00000
__Lbank29                                         bank29       00000
__Lbank3                                          bank3        00000
__Lbank30                                         bank30       00000
__Lbank31                                         bank31       00000
__Lbank4                                          bank4        00000
__Lbank5                                          bank5        00000
__Lbank6                                          bank6        00000
__Lbank7                                          bank7        00000
__Lbank8                                          bank8        00000
__Lbank9                                          bank9        00000
__Lbigram                                         bigram       00000
__LbssBANK0                                       bssBANK0     00000
__LbssBANK1                                       bssBANK1     00000
__LbssCOMMON                                      bssCOMMON    00000
__Lcinit                                          cinit        000CA
__Lclrtext                                        clrtext      00000
__Lcode                                           code         00000
__Lcommon                                         common       00000
__Lconfig                                         config       08007
__LcstackBANK0                                    cstackBANK0  00000
__LcstackBANK1                                    cstackBANK1  00000
__LcstackBANK3                                    cstackBANK3  00000
__LcstackCOMMON                                   cstackCOMMON 00000
__LdataBANK1                                      dataBANK1    00000
__LdataBANK2                                      dataBANK2    00000
__LdataBANK3                                      dataBANK3    00000
__Leeprom_data                                    eeprom_data  00000
__Lend_init                                       end_init     000C8
__Lfunctab                                        functab      00000
__LidataBANK1                                     idataBANK1   00000
__LidataBANK2                                     idataBANK2   00000
__LidataBANK3                                     idataBANK3   00000
__Lidloc                                          idloc        00000
__Linit                                           init         000C8
__Linittext                                       inittext     00000
__Lintentry                                       intentry     00004
__Lmaintext                                       maintext     00000
__Lpowerup                                        powerup      00000
__Lram                                            ram          00000
__Lreset_vec                                      reset_vec    00000
__Lsfr0                                           sfr0         00000
__Lsfr1                                           sfr1         00000
__Lsfr10                                          sfr10        00000
__Lsfr11                                          sfr11        00000
__Lsfr12                                          sfr12        00000
__Lsfr13                                          sfr13        00000
__Lsfr14                                          sfr14        00000
__Lsfr15                                          sfr15        00000
__Lsfr16                                          sfr16        00000
__Lsfr17                                          sfr17        00000
__Lsfr18                                          sfr18        00000
__Lsfr19                                          sfr19        00000
__Lsfr2                                           sfr2         00000
__Lsfr20                                          sfr20        00000
__Lsfr21                                          sfr21        00000
__Lsfr22                                          sfr22        00000
__Lsfr23                                          sfr23        00000
__Lsfr24                                          sfr24        00000
__Lsfr25                                          sfr25        00000
__Lsfr26                                          sfr26        00000
__Lsfr27                                          sfr27        00000
__Lsfr28                                          sfr28        00000
__Lsfr29                                          sfr29        00000
__Lsfr3                                           sfr3         00000
__Lsfr30                                          sfr30        00000
__Lsfr31                                          sfr31        00000
__Lsfr4                                           sfr4         00000
__Lsfr5                                           sfr5         00000
__Lsfr6                                           sfr6         00000
__Lsfr7                                           sfr7         00000
__Lsfr8                                           sfr8         00000
__Lsfr9                                           sfr9         00000
__Lspace_0                                        (abs)        00000
__Lspace_1                                        (abs)        00000
__Lspace_2                                        (abs)        00000
__Lspace_3                                        (abs)        00000
__Lstack                                          stack        00000
__Lstrings                                        strings      00000
__Lstringtext1                                    stringtext1  00000
__Lstringtext10                                   stringtext10 00000
__Lstringtext2                                    stringtext2  00000
__Lstringtext3                                    stringtext3  00000
__Lstringtext4                                    stringtext4  00000
__Lstringtext5                                    stringtext5  00000
__Lstringtext6                                    stringtext6  00000
__Lstringtext7                                    stringtext7  00000
__Lstringtext8                                    stringtext8  00000
__Lstringtext9                                    stringtext9  00000
__Ltext                                           text         00000
__S0                                              (abs)        08009
__S1                                              (abs)        001E2
__S2                                              (abs)        00000
___awtoft                                         text17       00BC6
___awtoft@c                                       cstackBANK0  00028
___awtoft@sign                                    cstackBANK0  0002D
___ftdiv                                          text16       00F57
___ftdiv@cntr                                     cstackBANK0  00038
___ftdiv@exp                                      cstackBANK0  0003C
___ftdiv@f1                                       cstackBANK0  00031
___ftdiv@f2                                       cstackBANK0  0002E
___ftdiv@f3                                       cstackBANK0  00039
___ftdiv@sign                                     cstackBANK0  0003D
___ftmul                                          text15       0064C
___ftmul@cntr                                     cstackBANK0  00036
___ftmul@exp                                      cstackBANK0  00032
___ftmul@f1                                       cstackBANK0  00028
___ftmul@f2                                       cstackBANK0  0002B
___ftmul@f3_as_product                            cstackBANK0  00033
___ftmul@sign                                     cstackBANK0  00037
___ftpack                                         text18       00D81
___ftpack@arg                                     cstackBANK0  00020
___ftpack@exp                                     cstackBANK0  00023
___ftpack@sign                                    cstackBANK0  00024
___fttol                                          text14       00ED0
___fttol@exp1                                     cstackBANK0  0004B
___fttol@f1                                       cstackBANK0  0003E
___fttol@lval                                     cstackBANK0  00047
___fttol@sign1                                    cstackBANK0  00046
___int_sp                                         stack        00000
___latbits                                        (abs)        00002
___lwdiv                                          text7        00CFC
___lwdiv@counter                                  cstackBANK0  00025
___lwdiv@dividend                                 cstackBANK0  00022
___lwdiv@divisor                                  cstackBANK0  00020
___lwdiv@quotient                                 cstackBANK0  00026
___sp                                             stack        00000
___wmul                                           text13       00B8C
___wmul@multiplicand                              cstackBANK0  00022
___wmul@multiplier                                cstackBANK0  00020
___wmul@product                                   cstackBANK0  00024
__end_of_CCP10_Initialize                         text25       00ACF
__end_of_CCP8_Initialize                          text24       00AD9
__end_of_EUSART2_Initialize                       text23       00B5D
__end_of_EUSART_Initialize                        text22       00B73
__end_of_GPIO_pin_Initialize                      text29       00C34
__end_of_ReceivingIndicationLedBlinking           text28       00B1D
__end_of_TMR1_Initialize                          text21       00AEE
__end_of_TMR2_Initialize                          text20       00AE3
__end_of___awtoft                                 text17       00BE8
__end_of___ftdiv                                  text16       01000
__end_of___ftmul                                  text15       00700
__end_of___ftpack                                 text18       00DE6
__end_of___fttol                                  text14       00F57
__end_of___lwdiv                                  text7        00D31
__end_of___wmul                                   text13       00BA8
__end_of__initialization                          cinit        00101
__end_of_actiontouchPanel                         text26       0064C
__end_of_allPeripheralInit                        text19       007FF
__end_of_applianceControl                         text4        00410
__end_of_atoi                                     text11       00E51
__end_of_clearAllPorts                            text31       00AFD
__end_of_copyReceivedDataBuffer                   text3        00C95
__end_of_copyTouchpanelReceiveDataBuffer          text2        00CC7
__end_of_errorsISR                                text33       00B32
__end_of_errorsMain                               text1        00B8C
__end_of_hexadecimalToDecimal                     text9        00ED0
__end_of_hexpowers                                stringtext1  01008
__end_of_isdigit                                  text12       00B0C
__end_of_isr                                      intentry     000C8
__end_of_main                                     maintext     0053A
__end_of_pinINIT_extra                            text30       00B47
__end_of_sendAcknowledgment                       text8        00BC6
__end_of_sendFeedback_TO_Gateway                  text27       00CFC
__end_of_sprintf                                  text6        007B3
__end_of_strlen                                   text10       00C0D
__end_of_strncpy                                  text5        00C63
__initialization                                  cinit        000CA
__pbssBANK0                                       bssBANK0     00060
__pbssBANK1                                       bssBANK1     000D5
__pbssCOMMON                                      bssCOMMON    00075
__pcstackBANK0                                    cstackBANK0  00020
__pcstackBANK1                                    cstackBANK1  000A0
__pcstackBANK3                                    cstackBANK3  001DA
__pcstackCOMMON                                   cstackCOMMON 00070
__pdataBANK1                                      dataBANK1    000E5
__pdataBANK2                                      dataBANK2    00120
__pdataBANK3                                      dataBANK3    001A0
__pidataBANK1                                     idataBANK1   00AB5
__pidataBANK2                                     idataBANK2   00D31
__pidataBANK3                                     idataBANK3   007B3
__pintentry                                       intentry     00004
__pmaintext                                       maintext     00410
__pstringtext1                                    stringtext1  01000
__pstringtext10                                   stringtext10 00000
__pstringtext2                                    stringtext2  01019
__pstringtext3                                    stringtext3  0101F
__pstringtext4                                    stringtext4  01024
__pstringtext5                                    stringtext5  01029
__pstringtext6                                    stringtext6  0102E
__pstringtext7                                    stringtext7  01033
__pstringtext8                                    stringtext8  01038
__pstringtext9                                    stringtext9  0103B
__pswtext1                                        swtext1      00800
__pswtext2                                        swtext2      00810
__ptext1                                          text1        00B73
__ptext10                                         text10       00BE8
__ptext11                                         text11       00DE6
__ptext12                                         text12       00AFD
__ptext13                                         text13       00B8C
__ptext14                                         text14       00ED0
__ptext15                                         text15       0064C
__ptext16                                         text16       00F57
__ptext17                                         text17       00BC6
__ptext18                                         text18       00D81
__ptext19                                         text19       007ED
__ptext2                                          text2        00C95
__ptext20                                         text20       00AD9
__ptext21                                         text21       00AE3
__ptext22                                         text22       00B5D
__ptext23                                         text23       00B47
__ptext24                                         text24       00ACF
__ptext25                                         text25       00AC5
__ptext26                                         text26       0053A
__ptext27                                         text27       00CC7
__ptext28                                         text28       00B0C
__ptext29                                         text29       00C0D
__ptext3                                          text3        00C63
__ptext30                                         text30       00B32
__ptext31                                         text31       00AEE
__ptext33                                         text33       00B1D
__ptext4                                          text4        00105
__ptext5                                          text5        00C34
__ptext6                                          text6        00700
__ptext7                                          text7        00CFC
__ptext8                                          text8        00BA8
__ptext9                                          text9        00E51
__size_of_CCP10_Initialize                        (abs)        00000
__size_of_CCP8_Initialize                         (abs)        00000
__size_of_EUSART2_Initialize                      (abs)        00000
__size_of_EUSART_Initialize                       (abs)        00000
__size_of_GPIO_pin_Initialize                     (abs)        00000
__size_of_ReceivingIndicationLedBlinking          (abs)        00000
__size_of_TMR1_Initialize                         (abs)        00000
__size_of_TMR2_Initialize                         (abs)        00000
__size_of___awtoft                                (abs)        00000
__size_of___ftdiv                                 (abs)        00000
__size_of___ftmul                                 (abs)        00000
__size_of___ftpack                                (abs)        00000
__size_of___fttol                                 (abs)        00000
__size_of___lwdiv                                 (abs)        00000
__size_of___wmul                                  (abs)        00000
__size_of_actiontouchPanel                        (abs)        00000
__size_of_allPeripheralInit                       (abs)        00000
__size_of_applianceControl                        (abs)        00000
__size_of_atoi                                    (abs)        00000
__size_of_clearAllPorts                           (abs)        00000
__size_of_copyReceivedDataBuffer                  (abs)        00000
__size_of_copyTouchpanelReceiveDataBuffer         (abs)        00000
__size_of_errorsISR                               (abs)        00000
__size_of_errorsMain                              (abs)        00000
__size_of_hexadecimalToDecimal                    (abs)        00000
__size_of_isdigit                                 (abs)        00000
__size_of_isr                                     (abs)        00000
__size_of_main                                    (abs)        00000
__size_of_pinINIT_extra                           (abs)        00000
__size_of_sendAcknowledgment                      (abs)        00000
__size_of_sendFeedback_TO_Gateway                 (abs)        00000
__size_of_sprintf                                 (abs)        00000
__size_of_strlen                                  (abs)        00000
__size_of_strncpy                                 (abs)        00000
_actiontouchPanel                                 text26       0053A
_allPeripheralInit                                text19       007ED
_applianceControl                                 text4        00105
_atoi                                             text11       00DE6
_checkFlag                                        bssBANK0     00068
_clearAllPorts                                    text31       00AEE
_copyReceivedDataBuffer                           text3        00C63
_copyTouchpanelReceiveDataBuffer                  text2        00C95
_copy_parentalLockBuffer                          dataBANK2    00142
_currentStateBuffer                               dataBANK3    001A0
_errorsISR                                        text33       00B1D
_errorsMain                                       text1        00B73
_hexadecimalToDecimal                             text9        00E51
_hexpowers                                        stringtext1  01000
_isdigit                                          text12       00AFD
_isdigit$1027                                     cstackBANK0  00020
_isr                                              intentry     00004
_main                                             maintext     00410
_mainDataReceived                                 bssBANK0     0006A
_mainReceivedDataBuffer                           dataBANK2    00120
_mainReceivedDataPosition                         bssCOMMON    00077
_parentalLockBuffer                               dataBANK2    00150
_pinINIT_extra                                    text30       00B32
_sendAcknowledgment                               text8        00BA8
_sendFeedback_TO_Gateway                          text27       00CC7
_sprintf                                          text6        00700
_start_PWM_Generation_For_DIMMER                  bssBANK1     000D5
_strlen                                           text10       00BE8
_strncpy                                          text5        00C34
_tempReceiveTouchpanelDataBuffer                  dataBANK2    00168
_tempReceivedDataBuffer                           dataBANK2    0015E
_touchPanelDataReceived                           bssBANK0     00066
_touchpanelReceivedataPosition                    bssCOMMON    00075
_touchpanleReceivedDatabuffer                     dataBANK2    00132
actiontouchPanel@SwNum                            cstackBANK0  00026
actiontouchPanel@Switch_Num                       cstackBANK0  00028
actiontouchPanel@ch_sw_num                        cstackBANK0  00025
actiontouchPanel@sw_status                        cstackBANK0  00023
actiontouchPanel@switch_status                    cstackBANK0  00029
applianceControl@CompleteClock                    cstackBANK1  000AD
applianceControl@ConvertIntToTimeInMilisec        cstackBANK1  000C8
applianceControl@ConvertStringIntoInt             cstackBANK1  000A0
applianceControl@F3894                            dataBANK1    000E7
applianceControl@F3896                            dataBANK1    000E5
applianceControl@HexlevelBuffer                   cstackBANK1  000A8
applianceControl@NeedPulse                        cstackBANK1  000BB
applianceControl@Pulse                            cstackBANK1  000B7
applianceControl@chDimmerSpeedLSB                 cstackBANK0  0004F
applianceControl@chDimmerSpeedMSB                 cstackBANK0  0004E
applianceControl@charFinalFrameState              cstackBANK0  00051
applianceControl@charParentalControl              cstackBANK0  00050
applianceControl@charSwitchLSB                    cstackBANK0  0004C
applianceControl@charSwitchMSB                    cstackBANK1  000C5
applianceControl@charSwitchSTATE                  cstackBANK0  0004D
applianceControl@clockPerCycle                    cstackBANK1  000B4
applianceControl@currentStateBufferPositions      cstackBANK1  000D1
applianceControl@deno                             cstackBANK1  000B1
applianceControl@dimmerSpeedStringBuffer          cstackBANK1  000CD
applianceControl@end                              cstackBANK1  000A6
applianceControl@integerSpeed                     cstackBANK1  000CB
applianceControl@integerSwitchNumber              cstackBANK1  000CF
applianceControl@integerSwitchState               cstackBANK1  000D3
applianceControl@remainder                        cstackBANK1  000A2
applianceControl@start                            cstackBANK1  000A4
applianceControl@strH                             cstackBANK1  000BF
applianceControl@strL                             cstackBANK1  000C2
applianceControl@switchNumberStringBuffer         cstackBANK1  000C6
atoi@a                                            cstackBANK0  0002B
atoi@s                                            cstackBANK0  0002D
atoi@sign                                         cstackBANK0  0002A
btemp                                             (abs)        0007E
clear_ram0                                        clrtext      00AB9
copyReceivedDataBuffer@dataBufferCounter          cstackBANK0  00021
copyTouchpanelReceiveDataBuffer@dataBufferCounter cstackBANK0  00021
end_of_initialization                             cinit        00101
errorsISR@errNum                                  cstackCOMMON 00070
errorsMain@errNum                                 cstackBANK0  00020
hexadecimalToDecimal@base                         cstackBANK0  00030
hexadecimalToDecimal@dec_val                      cstackBANK0  0002E
hexadecimalToDecimal@hexVal                       cstackBANK0  00032
hexadecimalToDecimal@i                            cstackBANK0  00033
hexadecimalToDecimal@len                          cstackBANK0  0002C
init_ram                                          inittext     00ABF
int$flags                                         (abs)        0007E
intlevel0                                         functab      00000
intlevel1                                         functab      00000
intlevel2                                         functab      00000
intlevel3                                         functab      00000
intlevel4                                         functab      00000
intlevel5                                         functab      00000
isdigit@c                                         cstackBANK0  00021
main@dataBufferCounter                            cstackBANK3  001DE
main@dataBufferCounter_749                        cstackBANK3  001E0
main@end_flag                                     cstackBANK3  001DC
main@start_flag                                   cstackBANK3  001DA
reset_vec                                         reset_vec    00000
sendAcknowledgment@Tx_count                       cstackBANK0  00021
sendAcknowledgment@currentStateBuffer             cstackBANK0  00023
sendFeedback_TO_Gateway@Switch_Num                cstackBANK0  00022
sendFeedback_TO_Gateway@sw_status                 cstackBANK0  00020
sprintf@ap                                        cstackBANK0  00034
sprintf@c                                         cstackBANK0  00039
sprintf@f                                         cstackBANK0  00028
sprintf@flag                                      cstackBANK0  00032
sprintf@idx                                       cstackBANK0  00033
sprintf@prec                                      cstackBANK0  00037
sprintf@sp                                        cstackBANK0  00038
sprintf@val                                       cstackBANK0  00035
stackhi                                           (abs)        022EF
stacklo                                           (abs)        02132
start                                             init         000C8
start_initialization                              cinit        000CA
strlen@cp                                         cstackBANK0  00027
strlen@s                                          cstackBANK0  00026
strncpy@cp                                        cstackBANK0  00025
strncpy@from                                      cstackBANK0  00020
strncpy@size                                      cstackBANK0  00021
strncpy@to                                        cstackBANK0  00024
wtemp0                                            (abs)        0007E


FUNCTION INFORMATION:

 *************** function _main *****************
 Defined at:
		line 323 in file "main.c"
 Parameters:    Size  Location     Type
		None
 Auto vars:     Size  Location     Type
  dataBufferCo    2    6[BANK3 ] int 
  dataBufferCo    2    4[BANK3 ] int 
  end_flag        2    2[BANK3 ] int 
  start_flag      2    0[BANK3 ] int 
 Return value:  Size  Location     Type
                  2  266[None  ] int 
 Registers used:
		wreg, fsr0l, fsr0h, fsr1l, fsr1h, status,2, status,0, pclath, cstack
 Tracked objects:
		On entry : 
		On exit  : 
		Unchanged: 
 Data sizes:     COMMON   BANK0   BANK1   BANK2   BANK3   BANK4   BANK5   BANK6   BANK7   BANK8   BANK9
      Params:         0       0       0       0       0       0       0       0       0       0       0
      Locals:         0       0       0       0       8       0       0       0       0       0       0
      Temps:          0       6       0       0       0       0       0       0       0       0       0
      Totals:         0       6       0       0       8       0       0       0       0       0       0
Total ram usage:       14 bytes
 Hardware stack levels required when called:    5
 This function calls:
		_GPIO_pin_Initialize
		_ReceivingIndicationLedBlinking
		_actiontouchPanel
		_allPeripheralInit
		_applianceControl
		_copyReceivedDataBuffer
		_copyTouchpanelReceiveDataBuffer
		_errorsMain
 This function is called by:
		Startup code after reset
 This function uses a non-reentrant model


 *************** function _errorsMain *****************
 Defined at:
		line 1076 in file "main.c"
 Parameters:    Size  Location     Type
  errNum          2    0[BANK0 ] PTR const unsigned char 
		 -> STR_8(5), STR_7(5), 
 Auto vars:     Size  Location     Type
		None
 Return value:  Size  Location     Type
                  1    wreg      void 
 Registers used:
		wreg, fsr0l, fsr0h, status,2, status,0, pclath
 Tracked objects:
		On entry : 
		On exit  : 
		Unchanged: 
 Data sizes:     COMMON   BANK0   BANK1   BANK2   BANK3   BANK4   BANK5   BANK6   BANK7   BANK8   BANK9
      Params:         0       2       0       0       0       0       0       0       0       0       0
      Locals:         0       0       0       0       0       0       0       0       0       0       0
      Temps:          0       1       0       0       0       0       0       0       0       0       0
      Totals:         0       3       0       0       0       0       0       0       0       0       0
Total ram usage:        3 bytes
 Hardware stack levels used:    1
 Hardware stack levels required when called:    2
 This function calls:
		Nothing
 This function is called by:
		_main
 This function uses a non-reentrant model


 *************** function _copyTouchpanelReceiveDataBuffer *****************
 Defined at:
		line 1130 in file "main.c"
 Parameters:    Size  Location     Type
		None
 Auto vars:     Size  Location     Type
  dataBufferCo    2    1[BANK0 ] int 
 Return value:  Size  Location     Type
                  1    wreg      void 
 Registers used:
		wreg, fsr1l, fsr1h, status,2, status,0
 Tracked objects:
		On entry : 
		On exit  : 
		Unchanged: 
 Data sizes:     COMMON   BANK0   BANK1   BANK2   BANK3   BANK4   BANK5   BANK6   BANK7   BANK8   BANK9
      Params:         0       0       0       0       0       0       0       0       0       0       0
      Locals:         0       2       0       0       0       0       0       0       0       0       0
      Temps:          0       1       0       0       0       0       0       0       0       0       0
      Totals:         0       3       0       0       0       0       0       0       0       0       0
Total ram usage:        3 bytes
 Hardware stack levels used:    1
 Hardware stack levels required when called:    2
 This function calls:
		Nothing
 This function is called by:
		_main
 This function uses a non-reentrant model


 *************** function _copyReceivedDataBuffer *****************
 Defined at:
		line 1122 in file "main.c"
 Parameters:    Size  Location     Type
		None
 Auto vars:     Size  Location     Type
  dataBufferCo    2    1[BANK0 ] int 
 Return value:  Size  Location     Type
                  1    wreg      void 
 Registers used:
		wreg, fsr1l, fsr1h, status,2, status,0
 Tracked objects:
		On entry : 
		On exit  : 
		Unchanged: 
 Data sizes:     COMMON   BANK0   BANK1   BANK2   BANK3   BANK4   BANK5   BANK6   BANK7   BANK8   BANK9
      Params:         0       0       0       0       0       0       0       0       0       0       0
      Locals:         0       2       0       0       0       0       0       0       0       0       0
      Temps:          0       1       0       0       0       0       0       0       0       0       0
      Totals:         0       3       0       0       0       0       0       0       0       0       0
Total ram usage:        3 bytes
 Hardware stack levels used:    1
 Hardware stack levels required when called:    2
 This function calls:
		Nothing
 This function is called by:
		_main
 This function uses a non-reentrant model


 *************** function _applianceControl *****************
 Defined at:
		line 3 in file "applicationcontrol.h"
 Parameters:    Size  Location     Type
  charSwitchMS    1    wreg     unsigned char 
  charSwitchLS    1   44[BANK0 ] unsigned char 
  charSwitchST    1   45[BANK0 ] unsigned char 
  chDimmerSpee    1   46[BANK0 ] unsigned char 
  chDimmerSpee    1   47[BANK0 ] unsigned char 
  charParental    1   48[BANK0 ] unsigned char 
  charFinalFra    1   49[BANK0 ] unsigned char 
 Auto vars:     Size  Location     Type
  charSwitchMS    1   37[BANK1 ] unsigned char 
  HexlevelBuff    5    8[BANK1 ] unsigned char [5]
  NeedPulse       4   27[BANK1 ] unsigned long 
  Pulse           4   23[BANK1 ] unsigned long 
  CompleteCloc    4   13[BANK1 ] unsigned long 
  strL            3   34[BANK1 ] unsigned char [3]
  strH            3   31[BANK1 ] unsigned char [3]
  ConvertIntTo    3   40[BANK1 ] float 
  clockPerCycl    3   20[BANK1 ] float 
  deno            3   17[BANK1 ] float 
  integerSwitc    2   51[BANK1 ] int 
  dimmerSpeedS    2   45[BANK1 ] unsigned char [2]
  currentState    2   49[BANK1 ] int 
  integerSwitc    2   47[BANK1 ] int 
  switchNumber    2   38[BANK1 ] unsigned char [2]
  integerSpeed    2   43[BANK1 ] int 
  end             2    6[BANK1 ] int 
  start           2    4[BANK1 ] int 
  remainder       2    2[BANK1 ] int 
  ConvertStrin    2    0[BANK1 ] int 
 Return value:  Size  Location     Type
                  1    wreg      void 
 Registers used:
		wreg, fsr0l, fsr0h, fsr1l, fsr1h, status,2, status,0, pclath, cstack
 Tracked objects:
		On entry : 
		On exit  : 
		Unchanged: 
 Data sizes:     COMMON   BANK0   BANK1   BANK2   BANK3   BANK4   BANK5   BANK6   BANK7   BANK8   BANK9
      Params:         0       6       0       0       0       0       0       0       0       0       0
      Locals:         0       0      53       0       0       0       0       0       0       0       0
      Temps:          0       8       0       0       0       0       0       0       0       0       0
      Totals:         0      14      53       0       0       0       0       0       0       0       0
Total ram usage:       67 bytes
 Hardware stack levels used:    1
 Hardware stack levels required when called:    4
 This function calls:
		___awtoft
		___ftdiv
		___ftmul
		___fttol
		_atoi
		_hexadecimalToDecimal
		_sendAcknowledgment
		_sprintf
		_strlen
		_strncpy
 This function is called by:
		_main
 This function uses a non-reentrant model


 *************** function _strncpy *****************
 Defined at:
		line 8 in file "C:\Program Files (x86)\Microchip\xc8\v1.45\sources\common\strncpy.c"
 Parameters:    Size  Location     Type
  to              1    wreg     PTR unsigned char 
		 -> applianceControl@strL(3), applianceControl@strH(3), 
  from            1    0[BANK0 ] PTR const unsigned char 
		 -> applianceControl@HexlevelBuffer(5), 
  size            2    1[BANK0 ] unsigned int 
 Auto vars:     Size  Location     Type
  to              1    4[BANK0 ] PTR unsigned char 
		 -> applianceControl@strL(3), applianceControl@strH(3), 
  cp              1    5[BANK0 ] PTR unsigned char 
		 -> applianceControl@strL(3), applianceControl@strH(3), 
 Return value:  Size  Location     Type
                  1    wreg      PTR unsigned char 
 Registers used:
		wreg, fsr0l, fsr0h, fsr1l, fsr1h, status,2, status,0
 Tracked objects:
		On entry : 
		On exit  : 
		Unchanged: 
 Data sizes:     COMMON   BANK0   BANK1   BANK2   BANK3   BANK4   BANK5   BANK6   BANK7   BANK8   BANK9
      Params:         0       3       0       0       0       0       0       0       0       0       0
      Locals:         0       2       0       0       0       0       0       0       0       0       0
      Temps:          0       1       0       0       0       0       0       0       0       0       0
      Totals:         0       6       0       0       0       0       0       0       0       0       0
Total ram usage:        6 bytes
 Hardware stack levels used:    1
 Hardware stack levels required when called:    2
 This function calls:
		Nothing
 This function is called by:
		_applianceControl
 This function uses a non-reentrant model


 *************** function _sprintf *****************
 Defined at:
		line 492 in file "C:\Program Files (x86)\Microchip\xc8\v1.45\sources\common\doprnt.c"
 Parameters:    Size  Location     Type
  sp              1    wreg     PTR unsigned char 
		 -> applianceControl@HexlevelBuffer(5), 
  f               2    8[BANK0 ] PTR const unsigned char 
		 -> STR_1(3), 
 Auto vars:     Size  Location     Type
  sp              1   24[BANK0 ] PTR unsigned char 
		 -> applianceControl@HexlevelBuffer(5), 
  idx             1   19[BANK0 ] unsigned char 
  tmpval          4    0        struct .
  val             2   21[BANK0 ] unsigned int 
  cp              2    0        PTR const unsigned char 
  len             2    0        unsigned int 
  c               1   25[BANK0 ] char 
  prec            1   23[BANK0 ] char 
  ap              1   20[BANK0 ] PTR void [1]
		 -> ?_sprintf(2), 
  flag            1   18[BANK0 ] unsigned char 
 Return value:  Size  Location     Type
                  2    8[BANK0 ] int 
 Registers used:
		wreg, fsr0l, fsr0h, fsr1l, fsr1h, status,2, status,0, pclath, cstack
 Tracked objects:
		On entry : 
		On exit  : 
		Unchanged: 
 Data sizes:     COMMON   BANK0   BANK1   BANK2   BANK3   BANK4   BANK5   BANK6   BANK7   BANK8   BANK9
      Params:         0       6       0       0       0       0       0       0       0       0       0
      Locals:         0       8       0       0       0       0       0       0       0       0       0
      Temps:          0       4       0       0       0       0       0       0       0       0       0
      Totals:         0      18       0       0       0       0       0       0       0       0       0
Total ram usage:       18 bytes
 Hardware stack levels used:    1
 Hardware stack levels required when called:    3
 This function calls:
		___lwdiv
 This function is called by:
		_applianceControl
 This function uses a non-reentrant model


 *************** function ___lwdiv *****************
 Defined at:
		line 6 in file "C:\Program Files (x86)\Microchip\xc8\v1.45\sources\common\lwdiv.c"
 Parameters:    Size  Location     Type
  divisor         2    0[BANK0 ] unsigned int 
  dividend        2    2[BANK0 ] unsigned int 
 Auto vars:     Size  Location     Type
  quotient        2    6[BANK0 ] unsigned int 
  counter         1    5[BANK0 ] unsigned char 
 Return value:  Size  Location     Type
                  2    0[BANK0 ] unsigned int 
 Registers used:
		wreg, status,2, status,0
 Tracked objects:
		On entry : 
		On exit  : 
		Unchanged: 
 Data sizes:     COMMON   BANK0   BANK1   BANK2   BANK3   BANK4   BANK5   BANK6   BANK7   BANK8   BANK9
      Params:         0       4       0       0       0       0       0       0       0       0       0
[...]
 Registers used:
		wreg, status,2
 Tracked objects:
		On entry : 
		On exit  : 
		Unchanged: 
 Data sizes:     COMMON   BANK0   BANK1   BANK2   BANK3   BANK4   BANK5   BANK6   BANK7   BANK8   BANK9
      Params:         0       0       0       0       0       0       0       0       0       0       0
      Locals:         0       0       0       0       0       0       0       0       0       0       0
      Temps:          0       0       0       0       0       0       0       0       0       0       0
      Totals:         0       0       0       0       0       0       0       0       0       0       0
Total ram usage:        0 bytes
 Hardware stack levels used:    1
 Hardware stack levels required when called:    2
 This function calls:
		Nothing
 This function is called by:
		_allPeripheralInit
 This function uses a non-reentrant model


 *************** function _TMR1_Initialize *****************
 Defined at:
		line 968 in file "main.c"
 Parameters:    Size  Location     Type
		None
 Auto vars:     Size  Location     Type
		None
 Return value:  Size  Location     Type
                  1    wreg      void 
 Registers used:
		status,2
 Tracked objects:
		On entry : 
		On exit  : 
		Unchanged: 
 Data sizes:     COMMON   BANK0   BANK1   BANK2   BANK3   BANK4   BANK5   BANK6   BANK7   BANK8   BANK9
      Params:         0       0       0       0       0       0       0       0       0       0       0
      Locals:         0       0       0       0       0       0       0       0       0       0       0
      Temps:          0       0       0       0       0       0       0       0       0       0       0
      Totals:         0       0       0       0       0       0       0       0       0       0       0
Total ram usage:        0 bytes
 Hardware stack levels used:    1
 Hardware stack levels required when called:    2
 This function calls:
		Nothing
 This function is called by:
		_allPeripheralInit
 This function uses a non-reentrant model


 *************** function _EUSART_Initialize *****************
 Defined at:
		line 894 in file "main.c"
 Parameters:    Size  Location     Type
		None
 Auto vars:     Size  Location     Type
		None
 Return value:  Size  Location     Type
                  1    wreg      void 
 Registers used:
		wreg
 Tracked objects:
		On entry : 
		On exit  : 
		Unchanged: 
 Data sizes:     COMMON   BANK0   BANK1   BANK2   BANK3   BANK4   BANK5   BANK6   BANK7   BANK8   BANK9
      Params:         0       0       0       0       0       0       0       0       0       0       0
      Locals:         0       0       0       0       0       0       0       0       0       0       0
      Temps:          0       0       0       0       0       0       0       0       0       0       0
      Totals:         0       0       0       0       0       0       0       0       0       0       0
Total ram usage:        0 bytes
 Hardware stack levels used:    1
 Hardware stack levels required when called:    2
 This function calls:
		Nothing
 This function is called by:
		_allPeripheralInit
 This function uses a non-reentrant model


 *************** function _EUSART2_Initialize *****************
 Defined at:
		line 931 in file "main.c"
 Parameters:    Size  Location     Type
		None
 Auto vars:     Size  Location     Type
		None
 Return value:  Size  Location     Type
                  1    wreg      void 
 Registers used:
		wreg
 Tracked objects:
		On entry : 
		On exit  : 
		Unchanged: 
 Data sizes:     COMMON   BANK0   BANK1   BANK2   BANK3   BANK4   BANK5   BANK6   BANK7   BANK8   BANK9
      Params:         0       0       0       0       0       0       0       0       0       0       0
      Locals:         0       0       0       0       0       0       0       0       0       0       0
      Temps:          0       0       0       0       0       0       0       0       0       0       0
      Totals:         0       0       0       0       0       0       0       0       0       0       0
Total ram usage:        0 bytes
 Hardware stack levels used:    1
 Hardware stack levels required when called:    2
 This function calls:
		Nothing
 This function is called by:
		_allPeripheralInit
 This function uses a non-reentrant model


 *************** function _CCP8_Initialize *****************
 Defined at:
		line 1024 in file "main.c"
 Parameters:    Size  Location     Type
		None
 Auto vars:     Size  Location     Type
		None
 Return value:  Size  Location     Type
                  1    wreg      void 
 Registers used:
		wreg, status,2
 Tracked objects:
		On entry : 
		On exit  : 
		Unchanged: 
 Data sizes:     COMMON   BANK0   BANK1   BANK2   BANK3   BANK4   BANK5   BANK6   BANK7   BANK8   BANK9
      Params:         0       0       0       0       0       0       0       0       0       0       0
      Locals:         0       0       0       0       0       0       0       0       0       0       0
      Temps:          0       0       0       0       0       0       0       0       0       0       0
      Totals:         0       0       0       0       0       0       0       0       0       0       0
Total ram usage:        0 bytes
 Hardware stack levels used:    1
 Hardware stack levels required when called:    2
 This function calls:
		Nothing
 This function is called by:
		_allPeripheralInit
 This function uses a non-reentrant model


 *************** function _CCP10_Initialize *****************
 Defined at:
		line 1045 in file "main.c"
 Parameters:    Size  Location     Type
		None
 Auto vars:     Size  Location     Type
		None
 Return value:  Size  Location     Type
                  1    wreg      void 
 Registers used:
		wreg, status,2
 Tracked objects:
		On entry : 
		On exit  : 
		Unchanged: 
 Data sizes:     COMMON   BANK0   BANK1   BANK2   BANK3   BANK4   BANK5   BANK6   BANK7   BANK8   BANK9
      Params:         0       0       0       0       0       0       0       0       0       0       0
      Locals:         0       0       0       0       0       0       0       0       0       0       0
      Temps:          0       0       0       0       0       0       0       0       0       0       0
      Totals:         0       0       0       0       0       0       0       0       0       0       0
Total ram usage:        0 bytes
 Hardware stack levels used:    1
 Hardware stack levels required when called:    2
 This function calls:
		Nothing
 This function is called by:
		_allPeripheralInit
 This function uses a non-reentrant model


 *************** function _actiontouchPanel *****************
 Defined at:
		line 636 in file "main.c"
 Parameters:    Size  Location     Type
  Switch_Num      1    wreg     unsigned char 
  sw_status       1    3[BANK0 ] unsigned char 
 Auto vars:     Size  Location     Type
  Switch_Num      1    8[BANK0 ] unsigned char 
  switch_statu    2    9[BANK0 ] int 
  SwNum           2    6[BANK0 ] int 
  ch_sw_num       1    5[BANK0 ] unsigned char 
 Return value:  Size  Location     Type
                  1    wreg      void 
 Registers used:
		wreg, fsr0l, fsr0h, status,2, status,0, pclath, cstack
 Tracked objects:
		On entry : 
		On exit  : 
		Unchanged: 
 Data sizes:     COMMON   BANK0   BANK1   BANK2   BANK3   BANK4   BANK5   BANK6   BANK7   BANK8   BANK9
      Params:         0       1       0       0       0       0       0       0       0       0       0
      Locals:         0       6       0       0       0       0       0       0       0       0       0
      Temps:          0       1       0       0       0       0       0       0       0       0       0
      Totals:         0       8       0       0       0       0       0       0       0       0       0
Total ram usage:        8 bytes
 Hardware stack levels used:    1
 Hardware stack levels required when called:    3
 This function calls:
		_sendFeedback_TO_Gateway
 This function is called by:
		_main
 This function uses a non-reentrant model


 *************** function _sendFeedback_TO_Gateway *****************
 Defined at:
		line 1140 in file "main.c"
 Parameters:    Size  Location     Type
  Switch_Num      1    wreg     unsigned char 
  sw_status       1    0[BANK0 ] unsigned char 
 Auto vars:     Size  Location     Type
  Switch_Num      1    2[BANK0 ] unsigned char 
 Return value:  Size  Location     Type
                  1    wreg      void 
 Registers used:
		wreg
 Tracked objects:
		On entry : 
		On exit  : 
		Unchanged: 
 Data sizes:     COMMON   BANK0   BANK1   BANK2   BANK3   BANK4   BANK5   BANK6   BANK7   BANK8   BANK9
      Params:         0       1       0       0       0       0       0       0       0       0       0
      Locals:         0       1       0       0       0       0       0       0       0       0       0
      Temps:          0       1       0       0       0       0       0       0       0       0       0
      Totals:         0       3       0       0       0       0       0       0       0       0       0
Total ram usage:        3 bytes
 Hardware stack levels used:    1
 Hardware stack levels required when called:    2
 This function calls:
		Nothing
 This function is called by:
		_actiontouchPanel
 This function uses a non-reentrant model


 *************** function _ReceivingIndicationLedBlinking *****************
 Defined at:
		line 1092 in file "main.c"
 Parameters:    Size  Location     Type
		None
 Auto vars:     Size  Location     Type
		None
 Return value:  Size  Location     Type
                  1    wreg      void 
 Registers used:
		wreg
 Tracked objects:
		On entry : 
		On exit  : 
		Unchanged: 
 Data sizes:     COMMON   BANK0   BANK1   BANK2   BANK3   BANK4   BANK5   BANK6   BANK7   BANK8   BANK9
      Params:         0       0       0       0       0       0       0       0       0       0       0
      Locals:         0       0       0       0       0       0       0       0       0       0       0
      Temps:          0       2       0       0       0       0       0       0       0       0       0
      Totals:         0       2       0       0       0       0       0       0       0       0       0
Total ram usage:        2 bytes
 Hardware stack levels used:    1
 Hardware stack levels required when called:    2
 This function calls:
		Nothing
 This function is called by:
		_main
 This function uses a non-reentrant model


 *************** function _GPIO_pin_Initialize *****************
 Defined at:
		line 798 in file "main.c"
 Parameters:    Size  Location     Type
		None
 Auto vars:     Size  Location     Type
		None
 Return value:  Size  Location     Type
                  1    wreg      void 
 Registers used:
		status,2, status,0, pclath, cstack
 Tracked objects:
		On entry : 
		On exit  : 
		Unchanged: 
 Data sizes:     COMMON   BANK0   BANK1   BANK2   BANK3   BANK4   BANK5   BANK6   BANK7   BANK8   BANK9
      Params:         0       0       0       0       0       0       0       0       0       0       0
      Locals:         0       0       0       0       0       0       0       0       0       0       0
      Temps:          0       0       0       0       0       0       0       0       0       0       0
      Totals:         0       0       0       0       0       0       0       0       0       0       0
Total ram usage:        0 bytes
 Hardware stack levels used:    1
 Hardware stack levels required when called:    3
 This function calls:
		_clearAllPorts
		_pinINIT_extra
 This function is called by:
		_main
 This function uses a non-reentrant model


 *************** function _pinINIT_extra *****************
 Defined at:
		line 1150 in file "main.c"
 Parameters:    Size  Location     Type
		None
 Auto vars:     Size  Location     Type
		None
 Return value:  Size  Location     Type
                  1    wreg      void 
 Registers used:
		status,2
 Tracked objects:
		On entry : 
		On exit  : 
		Unchanged: 
 Data sizes:     COMMON   BANK0   BANK1   BANK2   BANK3   BANK4   BANK5   BANK6   BANK7   BANK8   BANK9
      Params:         0       0       0       0       0       0       0       0       0       0       0
      Locals:         0       0       0       0       0       0       0       0       0       0       0
      Temps:          0       0       0       0       0       0       0       0       0       0       0
      Totals:         0       0       0       0       0       0       0       0       0       0       0
Total ram usage:        0 bytes
 Hardware stack levels used:    1
 Hardware stack levels required when called:    2
 This function calls:
		Nothing
 This function is called by:
		_GPIO_pin_Initialize
 This function uses a non-reentrant model


 *************** function _clearAllPorts *****************
 Defined at:
		line 1167 in file "main.c"
 Parameters:    Size  Location     Type
		None
 Auto vars:     Size  Location     Type
		None
 Return value:  Size  Location     Type
                  1    wreg      void 
 Registers used:
		None
 Tracked objects:
		On entry : 
		On exit  : 
		Unchanged: 
 Data sizes:     COMMON   BANK0   BANK1   BANK2   BANK3   BANK4   BANK5   BANK6   BANK7   BANK8   BANK9
      Params:         0       0       0       0       0       0       0       0       0       0       0
      Locals:         0       0       0       0       0       0       0       0       0       0       0
      Temps:          0       0       0       0       0       0       0       0       0       0       0
      Totals:         0       0       0       0       0       0       0       0       0       0       0
Total ram usage:        0 bytes
 Hardware stack levels used:    1
 Hardware stack levels required when called:    2
 This function calls:
		Nothing
 This function is called by:
		_GPIO_pin_Initialize
 This function uses a non-reentrant model


 *************** function _isr *****************
 Defined at:
		line 207 in file "main.c"
 Parameters:    Size  Location     Type
		None
 Auto vars:     Size  Location     Type
		None
 Return value:  Size  Location     Type
                  1    wreg      void 
 Registers used:
		wreg, fsr0l, fsr0h, fsr1l, fsr1h, status,2, status,0, pclath, cstack
 Tracked objects:
		On entry : 
		On exit  : 
		Unchanged: 
 Data sizes:     COMMON   BANK0   BANK1   BANK2   BANK3   BANK4   BANK5   BANK6   BANK7   BANK8   BANK9
      Params:         0       0       0       0       0       0       0       0       0       0       0
      Locals:         0       0       0       0       0       0       0       0       0       0       0
      Temps:          2       0       0       0       0       0       0       0       0       0       0
      Totals:         2       0       0       0       0       0       0       0       0       0       0
Total ram usage:        2 bytes
 Hardware stack levels used:    1
 Hardware stack levels required when called:    1
 This function calls:
		_errorsISR
 This function is called by:
		Interrupt level 1
 This function uses a non-reentrant model


 *************** function _errorsISR *****************
 Defined at:
		line 1066 in file "main.c"
 Parameters:    Size  Location     Type
  errNum          2    0[COMMON] PTR const unsigned char 
		 -> STR_6(5), STR_5(5), STR_4(6), STR_3(5), 
		 -> STR_2(5), 
 Auto vars:     Size  Location     Type
		None
 Return value:  Size  Location     Type
                  1    wreg      void 
 Registers used:
		wreg, fsr0l, fsr0h, status,2, status,0, pclath
 Tracked objects:
		On entry : 
		On exit  : 
		Unchanged: 
 Data sizes:     COMMON   BANK0   BANK1   BANK2   BANK3   BANK4   BANK5   BANK6   BANK7   BANK8   BANK9
      Params:         2       0       0       0       0       0       0       0       0       0       0
      Locals:         0       0       0       0       0       0       0       0       0       0       0
      Temps:          1       0       0       0       0       0       0       0       0       0       0
      Totals:         3       0       0       0       0       0       0       0       0       0       0
Total ram usage:        3 bytes
 Hardware stack levels used:    1
 This function calls:
		Nothing
 This function is called by:
		_isr
 This function uses a non-reentrant model



MODULE INFORMATION

Module		Function		Class		Link	Load	Size
C:\Program Files (x86)\Microchip\xc8\v1.45\sources\common\float.c
		___ftpack      		CODE           	0D81	0000	102

C:\Program Files (x86)\Microchip\xc8\v1.45\sources\common\float.c estimated size: 102

C:\Program Files (x86)\Microchip\xc8\v1.45\sources\common\doprnt.c
		_sprintf       		CODE           	0700	0000	180

C:\Program Files (x86)\Microchip\xc8\v1.45\sources\common\doprnt.c estimated size: 180

applicationcontrol.h
		_applianceControl		CODE           	0105	0000	780

applicationcontrol.h estimated size: 780

C:\Program Files (x86)\Microchip\xc8\v1.45\sources\common\Umul16.c
		___wmul        		CODE           	0B8C	0000	29

C:\Program Files (x86)\Microchip\xc8\v1.45\sources\common\Umul16.c estimated size: 29

C:\Program Files (x86)\Microchip\xc8\v1.45\sources\common\isdigit.c
		_isdigit       		CODE           	0AFD	0000	16

C:\Program Files (x86)\Microchip\xc8\v1.45\sources\common\isdigit.c estimated size: 16

C:\Program Files (x86)\Microchip\xc8\v1.45\sources\common\ftmul.c
		___ftmul       		CODE           	064C	0000	181

C:\Program Files (x86)\Microchip\xc8\v1.45\sources\common\ftmul.c estimated size: 181

C:\Program Files (x86)\Microchip\xc8\v1.45\sources\common\ftdiv.c
		___ftdiv       		CODE           	0F57	0000	170

C:\Program Files (x86)\Microchip\xc8\v1.45\sources\common\ftdiv.c estimated size: 170

C:\Program Files (x86)\Microchip\xc8\v1.45\sources\common\atoi.c
		_atoi          		CODE           	0DE6	0000	108

C:\Program Files (x86)\Microchip\xc8\v1.45\sources\common\atoi.c estimated size: 108

shared
		__initialization		CODE           	00CA	0000	56
		_hexpowers     		STRCODE        	1000	0000	9

shared estimated size: 65

C:\Program Files (x86)\Microchip\xc8\v1.45\sources\common\fttol.c
		___fttol       		CODE           	0ED0	0000	136

C:\Program Files (x86)\Microchip\xc8\v1.45\sources\common\fttol.c estimated size: 136

C:\Program Files (x86)\Microchip\xc8\v1.45\sources\common\awtoft.c
		___awtoft      		CODE           	0BC6	0000	35

C:\Program Files (x86)\Microchip\xc8\v1.45\sources\common\awtoft.c estimated size: 35

C:\Program Files (x86)\Microchip\xc8\v1.45\sources\common\lwdiv.c
		___lwdiv       		CODE           	0CFC	0000	54

C:\Program Files (x86)\Microchip\xc8\v1.45\sources\common\lwdiv.c estimated size: 54

main.c
		_TMR1_Initialize		CODE           	0AE3	0000	12
		_actiontouchPanel		CODE           	053A	0000	275
		_allPeripheralInit		CODE           	07ED	0000	19
		_TMR2_Initialize		CODE           	0AD9	0000	11
		_CCP8_Initialize		CODE           	0ACF	0000	11
		_CCP10_Initialize		CODE           	0AC5	0000	11
		_errorsMain    		CODE           	0B73	0000	26
		_main          		CODE           	0410	0000	299
		_ReceivingIndicationLedBlinking		CODE           	0B0C	0000	18
		_sendAcknowledgment		CODE           	0BA8	0000	31
		_errorsISR     		CODE           	0B1D	0000	22
		_EUSART_Initialize		CODE           	0B5D	0000	23
		_clearAllPorts 		CODE           	0AEE	0000	16
		_isr           		CODE           	0004	0000	197
		_sendFeedback_TO_Gateway		CODE           	0CC7	0000	54
		_copyReceivedDataBuffer		CODE           	0C63	0000	51
		_EUSART2_Initialize		CODE           	0B47	0000	23
		_GPIO_pin_Initialize		CODE           	0C0D	0000	40
		_hexadecimalToDecimal		CODE           	0E51	0000	128
		_copyTouchpanelReceiveDataBuffer		CODE           	0C95	0000	51
		_pinINIT_extra 		CODE           	0B32	0000	22

main.c estimated size: 1340

C:\Program Files (x86)\Microchip\xc8\v1.45\sources\common\strlen.c
		_strlen        		CODE           	0BE8	0000	38

C:\Program Files (x86)\Microchip\xc8\v1.45\sources\common\strlen.c estimated size: 38

C:\Program Files (x86)\Microchip\xc8\v1.45\sources\common\strncpy.c
		_strncpy       		CODE           	0C34	0000	48

C:\Program Files (x86)\Microchip\xc8\v1.45\sources\common\strncpy.c estimated size: 48

